<html>
<body>
<pre>
<h1>µVision Build Log</h1>
<h2>Tool Versions:</h2>
IDE-Version: ¦ÌVision V5.22.0.0
Copyright (C) 2016 ARM Ltd and ARM Germany GmbH. All rights reserved.
License Information: klren Dell, zzes, LIC=4ZLKP-MEI5V-KSBYM-X2RW3-Q16V5-ZNPTY
 
Tool Versions:
Toolchain:       MDK-ARM Professional  Version: 5.22
Toolchain Path:  E:\Keil_v5\ARM\ARMCC\Bin
C Compiler:      Armcc.exe V5.06 update 4 (build 422)
Assembler:       Armasm.exe V5.06 update 4 (build 422)
Linker/Locator:  ArmLink.exe V5.06 update 4 (build 422)
Library Manager: ArmAr.exe V5.06 update 4 (build 422)
Hex Converter:   FromElf.exe V5.06 update 4 (build 422)
CPU DLL:         SARMCM3.DLL V5.22
Dialog DLL:      DARMSTM.DLL V1.67.0.0
Target DLL:      STLink\ST-LINKIII-KEIL_SWO.dll V2.0.18.0
Dialog DLL:      TARMSTM.DLL V1.66.0.0
 
<h2>Project:</h2>
D:\OneNET\×Ô¶¯Î¹Ê³Æ÷\OneNET_Mini_Demo_ESP8266_HTTP_HT\Project\onenetdemo.uvproj
Project File Date:  05/20/2017

<h2>Output:</h2>
*** Using Compiler 'V5.06 update 4 (build 422)', folder: 'E:\Keil_v5\ARM\ARMCC\Bin'
Rebuild target 'OneNET_Demo_ESP8266_HTTP_HT'
assembling startup_stm32f10x_md.s...
compiling core_cm3.c...
compiling system_stm32f10x.c...
compiling stm32f10x_it.c...
compiling main.c...
..\Devices\fengshan.h(32): warning:  #1-D: last line of file ends without a newline
  #endif
..\User\main.c: 3 warnings, 0 errors
ning:  #1-D: last line of file ends without a newline
  #endif
..\Devices\duoji.h(9): warning:  #1-D: last line of file ends without a newline
  #endif
compiling misc.c...
compiling stm32f10x_exti.c...
compiling stm32f10x_flash.c...
compiling stm32f10x_gpio.c...
compiling stm32f10x_i2c.c...
compiling stm32f10x_rcc.c...
compiling stm32f10x_usart.c...
compiling stm32f10x_tim.c...
compiling hal_i2c.c...
compiling sht20.c...
compiling fengshan.c...
..\Devices\fengshan.h(32): warning:  #1-D: last line of file ends without a newline
  #endif
..\Devices\fengshan.c(35): warning:  #1-D: last line of file ends without a newline
   
..\Devices\fengshan.c: 2 warnings, 0 errors
compiling led.c...
compiling duoji.c...
..\Devices\duoji.h(9): warning:  #1-D: last line of file ends without a newline
  #endif
..\Devices\duoji.c: 1 warning, 0 errors
compiling delay.c...
compiling rthongwai.c...
..\Devices\rthongwai.h(14): warning:  #1-D: last line of file ends without a newline
  #endif
..\Devices\rthongwai.c: 1 warning, 0 errors
compiling usart1.c...
compiling utils.c...
compiling HTTP_Demo.c...
..\Protocol\http\HTTP_Demo.c(65): warning:  #1-D: last line of file ends without a newline
  }
..\Protocol\http\HTTP_Demo.c: 1 warning, 0 errors
compiling usart2.c...
compiling esp8266.c...
linking...
Program Size: Code=17652 RO-data=1000 RW-data=60 ZI-data=2052  
FromELF: creating hex file...
"..\object\onenetdemo.axf" - 0 Error(s), 7 Warning(s).
Build Time Elapsed:  00:00:06
</pre>
</body>
</html>
