Component: ARM Compiler 5.06 update 4 (build 422) Tool: armlink [4d35d2]

==============================================================================

Section Cross References

    system_stm32f10x.o(.text) refers to system_stm32f10x.o(.data) for SystemCoreClock
    startup_stm32f10x_md.o(RESET) refers to startup_stm32f10x_md.o(STACK) for __initial_sp
    startup_stm32f10x_md.o(RESET) refers to startup_stm32f10x_md.o(.text) for Reset_Handler
    startup_stm32f10x_md.o(RESET) refers to stm32f10x_it.o(.text) for NMI_Handler
    startup_stm32f10x_md.o(.text) refers to system_stm32f10x.o(.text) for SystemInit
    startup_stm32f10x_md.o(.text) refers to entry.o(.ARM.Collect$$$$00000000) for __main
    main.o(.text) refers to usart1.o(.text) for USART1_Config
    main.o(.text) refers to usart2.o(.text) for USART2_Config
    main.o(.text) refers to hal_i2c.o(.text) for Hal_I2C_Init
    main.o(.text) refers to fengshan.o(.text) for JDQ_Init
    main.o(.text) refers to duoji.o(.text) for Duoji_Init
    main.o(.text) refers to rthongwai.o(.text) for Body_Init
    main.o(.text) refers to esp8266.o(.text) for ESP8266_Init
    main.o(.text) refers to printfa.o(i.__0printf) for __2printf
    main.o(.text) refers to sht20.o(.text) for SHT2x_MeasureHM
    main.o(.text) refers to utils.o(.text) for mDelay
    main.o(.text) refers to printfa.o(i.__0sprintf) for __2sprintf
    main.o(.text) refers to stm32f10x_gpio.o(.text) for GPIO_ReadInputDataBit
    main.o(.text) refers to http_demo.o(.text) for HTTP_NewPostPacket
    main.o(.text) refers to led.o(.text) for LED_Switch
    main.o(.text) refers to fengshan.o(.data) for fengStatus
    main.o(.text) refers to usart2.o(.bss) for usart2_rcv_buf
    stm32f10x_it.o(.text) refers to usart2.o(.data) for usart2_rcv_len
    stm32f10x_it.o(.text) refers to usart2.o(.bss) for usart2_rcv_buf
    stm32f10x_gpio.o(.text) refers to stm32f10x_rcc.o(.text) for RCC_APB2PeriphResetCmd
    stm32f10x_i2c.o(.text) refers to stm32f10x_rcc.o(.text) for RCC_APB1PeriphResetCmd
    stm32f10x_rcc.o(.text) refers to stm32f10x_rcc.o(.data) for APBAHBPrescTable
    stm32f10x_usart.o(.text) refers to stm32f10x_rcc.o(.text) for RCC_APB2PeriphResetCmd
    stm32f10x_tim.o(.text) refers to stm32f10x_rcc.o(.text) for RCC_APB2PeriphResetCmd
    hal_i2c.o(.text) refers to stm32f10x_rcc.o(.text) for RCC_APB1PeriphClockCmd
    hal_i2c.o(.text) refers to printfa.o(i.__0printf) for __2printf
    hal_i2c.o(.text) refers to stm32f10x_gpio.o(.text) for GPIO_Init
    hal_i2c.o(.text) refers to stm32f10x_i2c.o(.text) for I2C_DeInit
    hal_i2c.o(.text) refers to hal_i2c.o(.constdata) for __func__
    hal_i2c.o(.text) refers to hal_i2c.o(.conststring) for .conststring
    sht20.o(.text) refers to hal_i2c.o(.text) for Hal_I2C_ByteWrite
    sht20.o(.text) refers to ffltui.o(.text) for __aeabi_ui2f
    sht20.o(.text) refers to f2d.o(.text) for __aeabi_f2d
    sht20.o(.text) refers to dmul.o(.text) for __aeabi_dmul
    sht20.o(.text) refers to dadd.o(.text) for __aeabi_dsub
    sht20.o(.text) refers to d2f.o(.text) for __aeabi_d2f
    sht20.o(.text) refers to fflti.o(.text) for __aeabi_i2f
    sht20.o(.text) refers to stm32f10x_i2c.o(.text) for I2C_AcknowledgeConfig
    sht20.o(.text) refers to utils.o(.text) for mDelay
    sht20.o(.text) refers to printfa.o(i.__0printf) for __2printf
    sht20.o(.text) refers to ffixui.o(.text) for __aeabi_f2uiz
    sht20.o(.text) refers to sht20.o(.constdata) for __func__
    fengshan.o(.text) refers to stm32f10x_gpio.o(.text) for GPIO_ResetBits
    fengshan.o(.text) refers to stm32f10x_rcc.o(.text) for RCC_APB2PeriphClockCmd
    fengshan.o(.text) refers to fengshan.o(.data) for fengStatus
    led.o(.text) refers to stm32f10x_rcc.o(.text) for RCC_APB2PeriphClockCmd
    led.o(.text) refers to stm32f10x_gpio.o(.text) for GPIO_Init
    led.o(.text) refers to led.o(.data) for red_value
    duoji.o(.text) refers to stm32f10x_rcc.o(.text) for RCC_APB1PeriphClockCmd
    duoji.o(.text) refers to stm32f10x_gpio.o(.text) for GPIO_Init
    duoji.o(.text) refers to stm32f10x_tim.o(.text) for TIM_TimeBaseInit
    delay.o(.text) refers to delay.o(.data) for UsCount
    rthongwai.o(.text) refers to stm32f10x_rcc.o(.text) for RCC_APB2PeriphClockCmd
    rthongwai.o(.text) refers to stm32f10x_gpio.o(.text) for GPIO_Init
    usart1.o(.text) refers to stm32f10x_rcc.o(.text) for RCC_APB2PeriphClockCmd
    usart1.o(.text) refers to stm32f10x_gpio.o(.text) for GPIO_Init
    usart1.o(.text) refers to stm32f10x_usart.o(.text) for USART_Init
    usart1.o(.text) refers to misc.o(.text) for NVIC_Init
    usart2.o(.text) refers to stm32f10x_rcc.o(.text) for RCC_APB2PeriphClockCmd
    usart2.o(.text) refers to stm32f10x_gpio.o(.text) for GPIO_Init
    usart2.o(.text) refers to stm32f10x_usart.o(.text) for USART_Init
    usart2.o(.text) refers to misc.o(.text) for NVIC_Init
    usart2.o(.text) refers to memseta.o(.text) for __aeabi_memclr
    usart2.o(.text) refers to strlen.o(.text) for strlen
[...]
    printfb.o(i.__0vprintf$bare) refers to usart1.o(.text) for fputc
    printfb.o(i.__0vprintf$bare) refers to stdout.o(.data) for __stdout
    printfb.o(i.__0vsnprintf$bare) refers to printfb.o(i._printf_core) for _printf_core
    printfb.o(i.__0vsnprintf$bare) refers to printfb.o(i._snputc) for _snputc
    printfb.o(i.__0vsprintf$bare) refers to printfb.o(i._printf_core) for _printf_core
    printfb.o(i.__0vsprintf$bare) refers to printfb.o(i._sputc) for _sputc
    printf0.o(i.__0fprintf$0) refers to printf0.o(i._printf_core) for _printf_core
    printf0.o(i.__0fprintf$0) refers to usart1.o(.text) for fputc
    printf0.o(i.__0printf$0) refers to printf0.o(i._printf_core) for _printf_core
    printf0.o(i.__0printf$0) refers to usart1.o(.text) for fputc
    printf0.o(i.__0printf$0) refers to stdout.o(.data) for __stdout
    printf0.o(i.__0snprintf$0) refers to printf0.o(i._printf_core) for _printf_core
    printf0.o(i.__0snprintf$0) refers to printf0.o(i._snputc) for _snputc
    printf0.o(i.__0sprintf$0) refers to printf0.o(i._printf_core) for _printf_core
    printf0.o(i.__0sprintf$0) refers to printf0.o(i._sputc) for _sputc
    printf0.o(i.__0vfprintf$0) refers to printf0.o(i._printf_core) for _printf_core
    printf0.o(i.__0vfprintf$0) refers to usart1.o(.text) for fputc
    printf0.o(i.__0vprintf$0) refers to printf0.o(i._printf_core) for _printf_core
    printf0.o(i.__0vprintf$0) refers to usart1.o(.text) for fputc
    printf0.o(i.__0vprintf$0) refers to stdout.o(.data) for __stdout
    printf0.o(i.__0vsnprintf$0) refers to printf0.o(i._printf_core) for _printf_core
    printf0.o(i.__0vsnprintf$0) refers to printf0.o(i._snputc) for _snputc
    printf0.o(i.__0vsprintf$0) refers to printf0.o(i._printf_core) for _printf_core
    printf0.o(i.__0vsprintf$0) refers to printf0.o(i._sputc) for _sputc
    printf1.o(i.__0fprintf$1) refers to printf1.o(i._printf_core) for _printf_core
    printf1.o(i.__0fprintf$1) refers to usart1.o(.text) for fputc
    printf1.o(i.__0printf$1) refers to printf1.o(i._printf_core) for _printf_core
    printf1.o(i.__0printf$1) refers to usart1.o(.text) for fputc
    printf1.o(i.__0printf$1) refers to stdout.o(.data) for __stdout
    printf1.o(i.__0snprintf$1) refers to printf1.o(i._printf_core) for _printf_core
    printf1.o(i.__0snprintf$1) refers to printf1.o(i._snputc) for _snputc
    printf1.o(i.__0sprintf$1) refers to printf1.o(i._printf_core) for _printf_core
    printf1.o(i.__0sprintf$1) refers to printf1.o(i._sputc) for _sputc
    printf1.o(i.__0vfprintf$1) refers to printf1.o(i._printf_core) for _printf_core
    printf1.o(i.__0vfprintf$1) refers to usart1.o(.text) for fputc
    printf1.o(i.__0vprintf$1) refers to printf1.o(i._printf_core) for _printf_core
    printf1.o(i.__0vprintf$1) refers to usart1.o(.text) for fputc
    printf1.o(i.__0vprintf$1) refers to stdout.o(.data) for __stdout
    printf1.o(i.__0vsnprintf$1) refers to printf1.o(i._printf_core) for _printf_core
    printf1.o(i.__0vsnprintf$1) refers to printf1.o(i._snputc) for _snputc
    printf1.o(i.__0vsprintf$1) refers to printf1.o(i._printf_core) for _printf_core
    printf1.o(i.__0vsprintf$1) refers to printf1.o(i._sputc) for _sputc
    printf1.o(i._printf_core) refers to uidiv.o(.text) for __aeabi_uidivmod
    printf2.o(i.__0fprintf$2) refers to printf2.o(i._printf_core) for _printf_core
    printf2.o(i.__0fprintf$2) refers to usart1.o(.text) for fputc
    printf2.o(i.__0printf$2) refers to printf2.o(i._printf_core) for _printf_core
    printf2.o(i.__0printf$2) refers to usart1.o(.text) for fputc
    printf2.o(i.__0printf$2) refers to stdout.o(.data) for __stdout
    printf2.o(i.__0snprintf$2) refers to printf2.o(i._printf_core) for _printf_core
    printf2.o(i.__0snprintf$2) refers to printf2.o(i._snputc) for _snputc
    printf2.o(i.__0sprintf$2) refers to printf2.o(i._printf_core) for _printf_core
    printf2.o(i.__0sprintf$2) refers to printf2.o(i._sputc) for _sputc
    printf2.o(i.__0vfprintf$2) refers to printf2.o(i._printf_core) for _printf_core
    printf2.o(i.__0vfprintf$2) refers to usart1.o(.text) for fputc
    printf2.o(i.__0vprintf$2) refers to printf2.o(i._printf_core) for _printf_core
    printf2.o(i.__0vprintf$2) refers to usart1.o(.text) for fputc
    printf2.o(i.__0vprintf$2) refers to stdout.o(.data) for __stdout
    printf2.o(i.__0vsnprintf$2) refers to printf2.o(i._printf_core) for _printf_core
    printf2.o(i.__0vsnprintf$2) refers to printf2.o(i._snputc) for _snputc
    printf2.o(i.__0vsprintf$2) refers to printf2.o(i._printf_core) for _printf_core
    printf2.o(i.__0vsprintf$2) refers to printf2.o(i._sputc) for _sputc
    printf3.o(i.__0fprintf$3) refers to printf3.o(i._printf_core) for _printf_core
    printf3.o(i.__0fprintf$3) refers to usart1.o(.text) for fputc
    printf3.o(i.__0printf$3) refers to printf3.o(i._printf_core) for _printf_core
    printf3.o(i.__0printf$3) refers to usart1.o(.text) for fputc
    printf3.o(i.__0printf$3) refers to stdout.o(.data) for __stdout
    printf3.o(i.__0snprintf$3) refers to printf3.o(i._printf_core) for _printf_core
    printf3.o(i.__0snprintf$3) refers to printf3.o(i._snputc) for _snputc
    printf3.o(i.__0sprintf$3) refers to printf3.o(i._printf_core) for _printf_core
    printf3.o(i.__0sprintf$3) refers to printf3.o(i._sputc) for _sputc
    printf3.o(i.__0vfprintf$3) refers to printf3.o(i._printf_core) for _printf_core
    printf3.o(i.__0vfprintf$3) refers to usart1.o(.text) for fputc
    printf3.o(i.__0vprintf$3) refers to printf3.o(i._printf_core) for _printf_core
    printf3.o(i.__0vprintf$3) refers to usart1.o(.text) for fputc
    printf3.o(i.__0vprintf$3) refers to stdout.o(.data) for __stdout
    printf3.o(i.__0vsnprintf$3) refers to printf3.o(i._printf_core) for _printf_core
    printf3.o(i.__0vsnprintf$3) refers to printf3.o(i._snputc) for _snputc
    printf3.o(i.__0vsprintf$3) refers to printf3.o(i._printf_core) for _printf_core
    printf3.o(i.__0vsprintf$3) refers to printf3.o(i._sputc) for _sputc
    printf3.o(i._printf_core) refers to uidiv.o(.text) for __aeabi_uidivmod
    printf4.o(i.__0fprintf$4) refers to printf4.o(i._printf_core) for _printf_core
    printf4.o(i.__0fprintf$4) refers to usart1.o(.text) for fputc
    printf4.o(i.__0printf$4) refers to printf4.o(i._printf_core) for _printf_core
    printf4.o(i.__0printf$4) refers to usart1.o(.text) for fputc
    printf4.o(i.__0printf$4) refers to stdout.o(.data) for __stdout
    printf4.o(i.__0snprintf$4) refers to printf4.o(i._printf_core) for _printf_core
    printf4.o(i.__0snprintf$4) refers to printf4.o(i._snputc) for _snputc
    printf4.o(i.__0sprintf$4) refers to printf4.o(i._printf_core) for _printf_core
    printf4.o(i.__0sprintf$4) refers to printf4.o(i._sputc) for _sputc
    printf4.o(i.__0vfprintf$4) refers to printf4.o(i._printf_core) for _printf_core
    printf4.o(i.__0vfprintf$4) refers to usart1.o(.text) for fputc
    printf4.o(i.__0vprintf$4) refers to printf4.o(i._printf_core) for _printf_core
    printf4.o(i.__0vprintf$4) refers to usart1.o(.text) for fputc
    printf4.o(i.__0vprintf$4) refers to stdout.o(.data) for __stdout
    printf4.o(i.__0vsnprintf$4) refers to printf4.o(i._printf_core) for _printf_core
    printf4.o(i.__0vsnprintf$4) refers to printf4.o(i._snputc) for _snputc
    printf4.o(i.__0vsprintf$4) refers to printf4.o(i._printf_core) for _printf_core
    printf4.o(i.__0vsprintf$4) refers to printf4.o(i._sputc) for _sputc
    printf4.o(i._printf_core) refers to uldiv.o(.text) for __aeabi_uldivmod
    printf5.o(i.__0fprintf$5) refers to printf5.o(i._printf_core) for _printf_core
    printf5.o(i.__0fprintf$5) refers to usart1.o(.text) for fputc
    printf5.o(i.__0printf$5) refers to printf5.o(i._printf_core) for _printf_core
    printf5.o(i.__0printf$5) refers to usart1.o(.text) for fputc
    printf5.o(i.__0printf$5) refers to stdout.o(.data) for __stdout
    printf5.o(i.__0snprintf$5) refers to printf5.o(i._printf_core) for _printf_core
    printf5.o(i.__0snprintf$5) refers to printf5.o(i._snputc) for _snputc
    printf5.o(i.__0sprintf$5) refers to printf5.o(i._printf_core) for _printf_core
    printf5.o(i.__0sprintf$5) refers to printf5.o(i._sputc) for _sputc
    printf5.o(i.__0vfprintf$5) refers to printf5.o(i._printf_core) for _printf_core
    printf5.o(i.__0vfprintf$5) refers to usart1.o(.text) for fputc
    printf5.o(i.__0vprintf$5) refers to printf5.o(i._printf_core) for _printf_core
    printf5.o(i.__0vprintf$5) refers to usart1.o(.text) for fputc
    printf5.o(i.__0vprintf$5) refers to stdout.o(.data) for __stdout
    printf5.o(i.__0vsnprintf$5) refers to printf5.o(i._printf_core) for _printf_core
    printf5.o(i.__0vsnprintf$5) refers to printf5.o(i._snputc) for _snputc
    printf5.o(i.__0vsprintf$5) refers to printf5.o(i._printf_core) for _printf_core
    printf5.o(i.__0vsprintf$5) refers to printf5.o(i._sputc) for _sputc
    printf5.o(i._printf_core) refers to uldiv.o(.text) for __aeabi_uldivmod
    printf6.o(i.__0fprintf$6) refers to printf6.o(i._printf_core) for _printf_core
    printf6.o(i.__0fprintf$6) refers to usart1.o(.text) for fputc
    printf6.o(i.__0printf$6) refers to printf6.o(i._printf_core) for _printf_core
    printf6.o(i.__0printf$6) refers to usart1.o(.text) for fputc
    printf6.o(i.__0printf$6) refers to stdout.o(.data) for __stdout
    printf6.o(i.__0snprintf$6) refers to printf6.o(i._printf_core) for _printf_core
    printf6.o(i.__0snprintf$6) refers to printf6.o(i._snputc) for _snputc
    printf6.o(i.__0sprintf$6) refers to printf6.o(i._printf_core) for _printf_core
    printf6.o(i.__0sprintf$6) refers to printf6.o(i._sputc) for _sputc
    printf6.o(i.__0vfprintf$6) refers to printf6.o(i._printf_core) for _printf_core
    printf6.o(i.__0vfprintf$6) refers to usart1.o(.text) for fputc
    printf6.o(i.__0vprintf$6) refers to printf6.o(i._printf_core) for _printf_core
    printf6.o(i.__0vprintf$6) refers to usart1.o(.text) for fputc
    printf6.o(i.__0vprintf$6) refers to stdout.o(.data) for __stdout
    printf6.o(i.__0vsnprintf$6) refers to printf6.o(i._printf_core) for _printf_core
    printf6.o(i.__0vsnprintf$6) refers to printf6.o(i._snputc) for _snputc
    printf6.o(i.__0vsprintf$6) refers to printf6.o(i._printf_core) for _printf_core
    printf6.o(i.__0vsprintf$6) refers to printf6.o(i._sputc) for _sputc
    printf6.o(i._printf_core) refers to printf6.o(i._printf_pre_padding) for _printf_pre_padding
    printf6.o(i._printf_core) refers to uidiv.o(.text) for __aeabi_uidivmod
    printf6.o(i._printf_core) refers to printf6.o(i._printf_post_padding) for _printf_post_padding
    printf7.o(i.__0fprintf$7) refers to printf7.o(i._printf_core) for _printf_core
    printf7.o(i.__0fprintf$7) refers to usart1.o(.text) for fputc
    printf7.o(i.__0printf$7) refers to printf7.o(i._printf_core) for _printf_core
    printf7.o(i.__0printf$7) refers to usart1.o(.text) for fputc
    printf7.o(i.__0printf$7) refers to stdout.o(.data) for __stdout
    printf7.o(i.__0snprintf$7) refers to printf7.o(i._printf_core) for _printf_core
    printf7.o(i.__0snprintf$7) refers to printf7.o(i._snputc) for _snputc
    printf7.o(i.__0sprintf$7) refers to printf7.o(i._printf_core) for _printf_core
    printf7.o(i.__0sprintf$7) refers to printf7.o(i._sputc) for _sputc
    printf7.o(i.__0vfprintf$7) refers to printf7.o(i._printf_core) for _printf_core
    printf7.o(i.__0vfprintf$7) refers to usart1.o(.text) for fputc
    printf7.o(i.__0vprintf$7) refers to printf7.o(i._printf_core) for _printf_core
    printf7.o(i.__0vprintf$7) refers to usart1.o(.text) for fputc
    printf7.o(i.__0vprintf$7) refers to stdout.o(.data) for __stdout
    printf7.o(i.__0vsnprintf$7) refers to printf7.o(i._printf_core) for _printf_core
    printf7.o(i.__0vsnprintf$7) refers to printf7.o(i._snputc) for _snputc
    printf7.o(i.__0vsprintf$7) refers to printf7.o(i._printf_core) for _printf_core
    printf7.o(i.__0vsprintf$7) refers to printf7.o(i._sputc) for _sputc
    printf7.o(i._printf_core) refers to printf7.o(i._printf_pre_padding) for _printf_pre_padding
    printf7.o(i._printf_core) refers to uldiv.o(.text) for __aeabi_uldivmod
    printf7.o(i._printf_core) refers to printf7.o(i._printf_post_padding) for _printf_post_padding
    printf8.o(i.__0fprintf$8) refers to printf8.o(i._printf_core) for _printf_core
    printf8.o(i.__0fprintf$8) refers to usart1.o(.text) for fputc
    printf8.o(i.__0printf$8) refers to printf8.o(i._printf_core) for _printf_core
    printf8.o(i.__0printf$8) refers to usart1.o(.text) for fputc
    printf8.o(i.__0printf$8) refers to stdout.o(.data) for __stdout
    printf8.o(i.__0snprintf$8) refers to printf8.o(i._printf_core) for _printf_core
    printf8.o(i.__0snprintf$8) refers to printf8.o(i._snputc) for _snputc
    printf8.o(i.__0sprintf$8) refers to printf8.o(i._printf_core) for _printf_core
    printf8.o(i.__0sprintf$8) refers to printf8.o(i._sputc) for _sputc
    printf8.o(i.__0vfprintf$8) refers to printf8.o(i._printf_core) for _printf_core
    printf8.o(i.__0vfprintf$8) refers to usart1.o(.text) for fputc
    printf8.o(i.__0vprintf$8) refers to printf8.o(i._printf_core) for _printf_core
    printf8.o(i.__0vprintf$8) refers to usart1.o(.text) for fputc
    printf8.o(i.__0vprintf$8) refers to stdout.o(.data) for __stdout
    printf8.o(i.__0vsnprintf$8) refers to printf8.o(i._printf_core) for _printf_core
    printf8.o(i.__0vsnprintf$8) refers to printf8.o(i._snputc) for _snputc
    printf8.o(i.__0vsprintf$8) refers to printf8.o(i._printf_core) for _printf_core
    printf8.o(i.__0vsprintf$8) refers to printf8.o(i._sputc) for _sputc
    printf8.o(i._printf_core) refers to printf8.o(i._printf_pre_padding) for _printf_pre_padding
    printf8.o(i._printf_core) refers to uldiv.o(.text) for __aeabi_uldivmod
    printf8.o(i._printf_core) refers to printf8.o(i._printf_post_padding) for _printf_post_padding
    printfa.o(i.__0fprintf) refers (Special) to iusefp.o(.text) for __I$use$fp
    printfa.o(i.__0fprintf) refers to printfa.o(i._printf_core) for _printf_core
    printfa.o(i.__0fprintf) refers to usart1.o(.text) for fputc
    printfa.o(i.__0printf) refers (Special) to iusefp.o(.text) for __I$use$fp
    printfa.o(i.__0printf) refers to printfa.o(i._printf_core) for _printf_core
    printfa.o(i.__0printf) refers to usart1.o(.text) for fputc
    printfa.o(i.__0printf) refers to stdout.o(.data) for __stdout
    printfa.o(i.__0snprintf) refers (Special) to iusefp.o(.text) for __I$use$fp
    printfa.o(i.__0snprintf) refers to printfa.o(i._printf_core) for _printf_core
    printfa.o(i.__0snprintf) refers to printfa.o(i._snputc) for _snputc
    printfa.o(i.__0sprintf) refers (Special) to iusefp.o(.text) for __I$use$fp
    printfa.o(i.__0sprintf) refers to printfa.o(i._printf_core) for _printf_core
    printfa.o(i.__0sprintf) refers to printfa.o(i._sputc) for _sputc
    printfa.o(i.__0vfprintf) refers (Special) to iusefp.o(.text) for __I$use$fp
    printfa.o(i.__0vfprintf) refers to printfa.o(i._printf_core) for _printf_core
    printfa.o(i.__0vfprintf) refers to usart1.o(.text) for fputc
    printfa.o(i.__0vprintf) refers (Special) to iusefp.o(.text) for __I$use$fp
    printfa.o(i.__0vprintf) refers to printfa.o(i._printf_core) for _printf_core
    printfa.o(i.__0vprintf) refers to usart1.o(.text) for fputc
    printfa.o(i.__0vprintf) refers to stdout.o(.data) for __stdout
    printfa.o(i.__0vsnprintf) refers (Special) to iusefp.o(.text) for __I$use$fp
    printfa.o(i.__0vsnprintf) refers to printfa.o(i._printf_core) for _printf_core
    printfa.o(i.__0vsnprintf) refers to printfa.o(i._snputc) for _snputc
    printfa.o(i.__0vsprintf) refers (Special) to iusefp.o(.text) for __I$use$fp
    printfa.o(i.__0vsprintf) refers to printfa.o(i._printf_core) for _printf_core
    printfa.o(i.__0vsprintf) refers to printfa.o(i._sputc) for _sputc
    printfa.o(i._fp_digits) refers (Special) to iusefp.o(.text) for __I$use$fp
    printfa.o(i._fp_digits) refers to dmul.o(.text) for __aeabi_dmul
    printfa.o(i._fp_digits) refers to ddiv.o(.text) for __aeabi_ddiv
    printfa.o(i._fp_digits) refers to cdrcmple.o(.text) for __aeabi_cdrcmple
    printfa.o(i._fp_digits) refers to dadd.o(.text) for __aeabi_dadd
    printfa.o(i._fp_digits) refers to dfixul.o(.text) for __aeabi_d2ulz
    printfa.o(i._fp_digits) refers to uldiv.o(.text) for __aeabi_uldivmod
    printfa.o(i._printf_core) refers (Special) to iusefp.o(.text) for __I$use$fp
    printfa.o(i._printf_core) refers to printfa.o(i._printf_pre_padding) for _printf_pre_padding
    printfa.o(i._printf_core) refers to uldiv.o(.text) for __aeabi_uldivmod
    printfa.o(i._printf_core) refers to printfa.o(i._printf_post_padding) for _printf_post_padding
    printfa.o(i._printf_core) refers to printfa.o(i._fp_digits) for _fp_digits
    printfa.o(i._printf_core) refers to uidiv.o(.text) for __aeabi_uidivmod
    printfa.o(i._printf_post_padding) refers (Special) to iusefp.o(.text) for __I$use$fp
    printfa.o(i._printf_pre_padding) refers (Special) to iusefp.o(.text) for __I$use$fp
    printfa.o(i._snputc) refers (Special) to iusefp.o(.text) for __I$use$fp
    printfa.o(i._sputc) refers (Special) to iusefp.o(.text) for __I$use$fp
    dadd.o(.text) refers (Special) to iusefp.o(.text) for __I$use$fp
    dadd.o(.text) refers to llshl.o(.text) for __aeabi_llsl
    dadd.o(.text) refers to llsshr.o(.text) for __aeabi_lasr
    dadd.o(.text) refers to depilogue.o(.text) for _double_epilogue
    dmul.o(.text) refers (Special) to iusefp.o(.text) for __I$use$fp
    dmul.o(.text) refers to depilogue.o(.text) for _double_epilogue
    fflti.o(.text) refers (Special) to iusefp.o(.text) for __I$use$fp
    fflti.o(.text) refers to fepilogue.o(.text) for _float_epilogue
    ffltui.o(.text) refers (Special) to iusefp.o(.text) for __I$use$fp
    ffltui.o(.text) refers to fepilogue.o(.text) for _float_epilogue
    ffixui.o(.text) refers (Special) to iusefp.o(.text) for __I$use$fp
    f2d.o(.text) refers (Special) to iusefp.o(.text) for __I$use$fp
    d2f.o(.text) refers (Special) to iusefp.o(.text) for __I$use$fp
    d2f.o(.text) refers to fepilogue.o(.text) for _float_round
    entry2.o(.ARM.Collect$$$$00000001) refers to entry2.o(.ARM.Collect$$$$00002712) for __lit__00000000
    entry2.o(.ARM.Collect$$$$00002712) refers to startup_stm32f10x_md.o(STACK) for __initial_sp
    entry2.o(__vectab_stack_and_reset_area) refers to startup_stm32f10x_md.o(STACK) for __initial_sp
    entry2.o(__vectab_stack_and_reset_area) refers to entry.o(.ARM.Collect$$$$00000000) for __main
    entry5.o(.ARM.Collect$$$$00000004) refers to init.o(.text) for __scatterload
    entry9a.o(.ARM.Collect$$$$0000000B) refers to main.o(.text) for main
    entry9b.o(.ARM.Collect$$$$0000000C) refers to main.o(.text) for main
    uldiv.o(.text) refers to llushr.o(.text) for __aeabi_llsr
    uldiv.o(.text) refers to llshl.o(.text) for __aeabi_llsl
    depilogue.o(.text) refers to llshl.o(.text) for __aeabi_llsl
    depilogue.o(.text) refers to llushr.o(.text) for __aeabi_llsr
    ddiv.o(.text) refers to depilogue.o(.text) for _double_round
    dfixul.o(.text) refers to llushr.o(.text) for __aeabi_llsr
    dfixul.o(.text) refers to llshl.o(.text) for __aeabi_llsl
    init.o(.text) refers to entry5.o(.ARM.Collect$$$$00000004) for __main_after_scatterload


==============================================================================

Removing Unused input sections from the image.

    Removing core_cm3.o(.emb_text), (32 bytes).
    Removing startup_stm32f10x_md.o(HEAP), (1024 bytes).
    Removing stm32f10x_exti.o(.text), (284 bytes).
    Removing stm32f10x_flash.o(.text), (1468 bytes).
    Removing duoji.o(.data), (1 bytes).
    Removing delay.o(.text), (244 bytes).
    Removing delay.o(.data), (4 bytes).
    Removing rthongwai.o(.data), (1 bytes).
    Removing usart1.o(.bss), (512 bytes).
    Removing usart1.o(.data), (12 bytes).

10 unused section(s) (total 3582 bytes) removed from the image.

==============================================================================

Image Symbol Table

    Local Symbols

    Symbol Name                              Value     Ov Type        Size  Object(Section)

    ../clib/microlib/division.c              0x00000000   Number         0  uidiv.o ABSOLUTE
    ../clib/microlib/division.c              0x00000000   Number         0  uldiv.o ABSOLUTE
    ../clib/microlib/init/entry.s            0x00000000   Number         0  entry5.o ABSOLUTE
    ../clib/microlib/init/entry.s            0x00000000   Number         0  entry11a.o ABSOLUTE
    ../clib/microlib/init/entry.s            0x00000000   Number         0  entry7b.o ABSOLUTE
    ../clib/microlib/init/entry.s            0x00000000   Number         0  entry7a.o ABSOLUTE
    ../clib/microlib/init/entry.s            0x00000000   Number         0  entry2.o ABSOLUTE
    ../clib/microlib/init/entry.s            0x00000000   Number         0  entry11b.o ABSOLUTE
    ../clib/microlib/init/entry.s            0x00000000   Number         0  entry.o ABSOLUTE
    ../clib/microlib/init/entry.s            0x00000000   Number         0  entry10b.o ABSOLUTE
    ../clib/microlib/init/entry.s            0x00000000   Number         0  entry10a.o ABSOLUTE
    ../clib/microlib/init/entry.s            0x00000000   Number         0  entry9b.o ABSOLUTE
    ../clib/microlib/init/entry.s            0x00000000   Number         0  entry9a.o ABSOLUTE
    ../clib/microlib/init/entry.s            0x00000000   Number         0  entry8b.o ABSOLUTE
    ../clib/microlib/init/entry.s            0x00000000   Number         0  entry8a.o ABSOLUTE
    ../clib/microlib/longlong.c              0x00000000   Number         0  llshl.o ABSOLUTE
    ../clib/microlib/longlong.c              0x00000000   Number         0  llushr.o ABSOLUTE
    ../clib/microlib/longlong.c              0x00000000   Number         0  llsshr.o ABSOLUTE
    ../clib/microlib/printf/printf.c         0x00000000   Number         0  printf8.o ABSOLUTE
    ../clib/microlib/printf/printf.c         0x00000000   Number         0  printf7.o ABSOLUTE
    ../clib/microlib/printf/printf.c         0x00000000   Number         0  printf6.o ABSOLUTE
    ../clib/microlib/printf/printf.c         0x00000000   Number         0  printf1.o ABSOLUTE
    ../clib/microlib/printf/printf.c         0x00000000   Number         0  printfb.o ABSOLUTE
    ../clib/microlib/printf/printf.c         0x00000000   Number         0  printf0.o ABSOLUTE
    ../clib/microlib/printf/printf.c         0x00000000   Number         0  printf2.o ABSOLUTE
    ../clib/microlib/printf/printf.c         0x00000000   Number         0  printf5.o ABSOLUTE
    ../clib/microlib/printf/printf.c         0x00000000   Number         0  printf3.o ABSOLUTE
    ../clib/microlib/printf/printf.c         0x00000000   Number         0  printf4.o ABSOLUTE
    ../clib/microlib/printf/printf.c         0x00000000   Number         0  printfa.o ABSOLUTE
    ../clib/microlib/printf/stubs.s          0x00000000   Number         0  stubs.o ABSOLUTE
    ../clib/microlib/stdio/streams.c         0x00000000   Number         0  stdout.o ABSOLUTE
    ../clib/microlib/string/memcpy.c         0x00000000   Number         0  memcpya.o ABSOLUTE
    ../clib/microlib/string/memcpy.c         0x00000000   Number         0  memcpyb.o ABSOLUTE
    ../clib/microlib/string/memset.c         0x00000000   Number         0  memseta.o ABSOLUTE
    ../clib/microlib/string/strcat.c         0x00000000   Number         0  strcat.o ABSOLUTE
    ../clib/microlib/string/strlen.c         0x00000000   Number         0  strlen.o ABSOLUTE
    ../clib/microlib/string/strstr.c         0x00000000   Number         0  strstr.o ABSOLUTE
    ../clib/microlib/stubs.s                 0x00000000   Number         0  iusefp.o ABSOLUTE
    ../fplib/microlib/d2f.c                  0x00000000   Number         0  d2f.o ABSOLUTE
    ../fplib/microlib/f2d.c                  0x00000000   Number         0  f2d.o ABSOLUTE
    ../fplib/microlib/fpadd.c                0x00000000   Number         0  dadd.o ABSOLUTE
    ../fplib/microlib/fpdiv.c                0x00000000   Number         0  ddiv.o ABSOLUTE
    ../fplib/microlib/fpepilogue.c           0x00000000   Number         0  fepilogue.o ABSOLUTE
    ../fplib/microlib/fpepilogue.c           0x00000000   Number         0  depilogue.o ABSOLUTE
    ../fplib/microlib/fpfix.c                0x00000000   Number         0  dfixul.o ABSOLUTE
    ../fplib/microlib/fpfix.c                0x00000000   Number         0  ffixui.o ABSOLUTE
    ../fplib/microlib/fpflt.c                0x00000000   Number         0  ffltui.o ABSOLUTE
    ../fplib/microlib/fpflt.c                0x00000000   Number         0  fflti.o ABSOLUTE
    ../fplib/microlib/fpmul.c                0x00000000   Number         0  dmul.o ABSOLUTE
    ..\Devices\delay.c                       0x00000000   Number         0  delay.o ABSOLUTE
    ..\Devices\duoji.c                       0x00000000   Number         0  duoji.o ABSOLUTE
    ..\Devices\fengshan.c                    0x00000000   Number         0  fengshan.o ABSOLUTE
    ..\Devices\hal_i2c.c                     0x00000000   Number         0  hal_i2c.o ABSOLUTE
    ..\Devices\led.c                         0x00000000   Number         0  led.o ABSOLUTE
    ..\Devices\rthongwai.c                   0x00000000   Number         0  rthongwai.o ABSOLUTE
    ..\Devices\sht20.c                       0x00000000   Number         0  sht20.o ABSOLUTE
    ..\Hal\usart1.c                          0x00000000   Number         0  usart1.o ABSOLUTE
    ..\Hal\usart2.c                          0x00000000   Number         0  usart2.o ABSOLUTE
    ..\Libraries\CMSIS\core_cm3.c            0x00000000   Number         0  core_cm3.o ABSOLUTE
    ..\Libraries\CMSIS\startup\arm\startup_stm32f10x_md.s 0x00000000   Number         0  startup_stm32f10x_md.o ABSOLUTE
    ..\Libraries\CMSIS\system_stm32f10x.c    0x00000000   Number         0  system_stm32f10x.o ABSOLUTE
    ..\Libraries\STM32F10x_StdPeriph_Driver\src\misc.c 0x00000000   Number         0  misc.o ABSOLUTE
    ..\Libraries\STM32F10x_StdPeriph_Driver\src\stm32f10x_exti.c 0x00000000   Number         0  stm32f10x_exti.o ABSOLUTE
    ..\Libraries\STM32F10x_StdPeriph_Driver\src\stm32f10x_flash.c 0x00000000   Number         0  stm32f10x_flash.o ABSOLUTE
    ..\Libraries\STM32F10x_StdPeriph_Driver\src\stm32f10x_gpio.c 0x00000000   Number         0  stm32f10x_gpio.o ABSOLUTE
    ..\Libraries\STM32F10x_StdPeriph_Driver\src\stm32f10x_i2c.c 0x00000000   Number         0  stm32f10x_i2c.o ABSOLUTE
    ..\Libraries\STM32F10x_StdPeriph_Driver\src\stm32f10x_rcc.c 0x00000000   Number         0  stm32f10x_rcc.o ABSOLUTE
    ..\Libraries\STM32F10x_StdPeriph_Driver\src\stm32f10x_tim.c 0x00000000   Number         0  stm32f10x_tim.o ABSOLUTE
    ..\Libraries\STM32F10x_StdPeriph_Driver\src\stm32f10x_usart.c 0x00000000   Number         0  stm32f10x_usart.o ABSOLUTE
    ..\Network\esp8266\esp8266.c             0x00000000   Number         0  esp8266.o ABSOLUTE
    ..\Protocol\http\HTTP_Demo.c             0x00000000   Number         0  http_demo.o ABSOLUTE
    ..\User\main.c                           0x00000000   Number         0  main.o ABSOLUTE
    ..\User\stm32f10x_it.c                   0x00000000   Number         0  stm32f10x_it.o ABSOLUTE
    ..\Utils\utils.c                         0x00000000   Number         0  utils.o ABSOLUTE
    ..\\Libraries\\CMSIS\\core_cm3.c         0x00000000   Number         0  core_cm3.o ABSOLUTE
    cdrcmple.s                               0x00000000   Number         0  cdrcmple.o ABSOLUTE
    dc.s                                     0x00000000   Number         0  dc.o ABSOLUTE
    handlers.s                               0x00000000   Number         0  handlers.o ABSOLUTE
    init.s                                   0x00000000   Number         0  init.o ABSOLUTE
    RESET                                    0x08000000   Section      236  startup_stm32f10x_md.o(RESET)
    .ARM.Collect$$$$00000000                 0x080000ec   Section        0  entry.o(.ARM.Collect$$$$00000000)
    .ARM.Collect$$$$00000001                 0x080000ec   Section        4  entry2.o(.ARM.Collect$$$$00000001)
    .ARM.Collect$$$$00000004                 0x080000f0   Section        4  entry5.o(.ARM.Collect$$$$00000004)
    .ARM.Collect$$$$00000008                 0x080000f4   Section        0  entry7b.o(.ARM.Collect$$$$00000008)
    .ARM.Collect$$$$0000000A                 0x080000f4   Section        0  entry8b.o(.ARM.Collect$$$$0000000A)
    .ARM.Collect$$$$0000000B                 0x080000f4   Section        8  entry9a.o(.ARM.Collect$$$$0000000B)
    .ARM.Collect$$$$0000000D                 0x080000fc   Section        0  entry10a.o(.ARM.Collect$$$$0000000D)
    .ARM.Collect$$$$0000000F                 0x080000fc   Section        0  entry11a.o(.ARM.Collect$$$$0000000F)
    .ARM.Collect$$$$00002712                 0x080000fc   Section        4  entry2.o(.ARM.Collect$$$$00002712)
    __lit__00000000                          0x080000fc   Data           4  entry2.o(.ARM.Collect$$$$00002712)
    .text                                    0x08000100   Section        0  system_stm32f10x.o(.text)
    SetSysClockTo72                          0x08000101   Thumb Code   214  system_stm32f10x.o(.text)
    SetSysClock                              0x080001d7   Thumb Code     8  system_stm32f10x.o(.text)
    .text                                    0x080002e8   Section       36  startup_stm32f10x_md.o(.text)
    .text                                    0x0800030c   Section        0  main.o(.text)
    .text                                    0x08000488   Section        0  stm32f10x_it.o(.text)
    .text                                    0x080004fc   Section        0  misc.o(.text)
    .text                                    0x080005d8   Section        0  stm32f10x_gpio.o(.text)
    .text                                    0x08000934   Section        0  stm32f10x_i2c.o(.text)
    .text                                    0x08000d38   Section        0  stm32f10x_rcc.o(.text)
    .text                                    0x080010e4   Section        0  stm32f10x_usart.o(.text)
    .text                                    0x080014ec   Section        0  stm32f10x_tim.o(.text)
    TI4_Config                               0x08001993   Thumb Code   130  stm32f10x_tim.o(.text)
    TI3_Config                               0x08001a27   Thumb Code   122  stm32f10x_tim.o(.text)
    TI2_Config                               0x08001abb   Thumb Code   130  stm32f10x_tim.o(.text)
    TI1_Config                               0x08001b4f   Thumb Code   108  stm32f10x_tim.o(.text)
    .text                                    0x08002308   Section        0  hal_i2c.o(.text)
    .text                                    0x08002628   Section        0  sht20.o(.text)
    .text                                    0x08002cf0   Section        0  fengshan.o(.text)
    .text                                    0x08002d60   Section        0  led.o(.text)
    .text                                    0x08002ec8   Section        0  duoji.o(.text)
    .text                                    0x08002f68   Section        0  rthongwai.o(.text)
    .text                                    0x08002f94   Section        0  usart1.o(.text)
    .text                                    0x08003088   Section        0  usart2.o(.text)
    .text                                    0x0800320c   Section        0  http_demo.o(.text)
    .text                                    0x080033bc   Section        0  utils.o(.text)
    .text                                    0x0800347c   Section        0  esp8266.o(.text)
    .text                                    0x080035dc   Section        0  memcpya.o(.text)
    .text                                    0x08003600   Section        0  memseta.o(.text)
    .text                                    0x08003624   Section        0  strcat.o(.text)
    .text                                    0x0800363c   Section        0  strstr.o(.text)
    .text                                    0x08003660   Section        0  strlen.o(.text)
    .text                                    0x0800366e   Section        0  dadd.o(.text)
    .text                                    0x080037bc   Section        0  dmul.o(.text)
    .text                                    0x080038a0   Section        0  fflti.o(.text)
    .text                                    0x080038b2   Section        0  ffltui.o(.text)
    .text                                    0x080038bc   Section        0  ffixui.o(.text)
    .text                                    0x080038e4   Section        0  f2d.o(.text)
    .text                                    0x0800390a   Section        0  d2f.o(.text)
    .text                                    0x08003942   Section        0  uidiv.o(.text)
    .text                                    0x0800396e   Section        0  uldiv.o(.text)
    .text                                    0x080039d0   Section        0  llshl.o(.text)
    .text                                    0x080039ee   Section        0  llsshr.o(.text)
    .text                                    0x08003a12   Section        0  fepilogue.o(.text)
    .text                                    0x08003a12   Section        0  iusefp.o(.text)
    .text                                    0x08003a80   Section        0  depilogue.o(.text)
    .text                                    0x08003b3a   Section        0  ddiv.o(.text)
    .text                                    0x08003c18   Section        0  dfixul.o(.text)
    .text                                    0x08003c48   Section       48  cdrcmple.o(.text)
    .text                                    0x08003c78   Section       36  init.o(.text)
    .text                                    0x08003c9c   Section        0  llushr.o(.text)
    i.__0printf                              0x08003cbc   Section        0  printfa.o(i.__0printf)
    i.__0sprintf                             0x08003cdc   Section        0  printfa.o(i.__0sprintf)
    i.__scatterload_copy                     0x08003d04   Section       14  handlers.o(i.__scatterload_copy)
    i.__scatterload_null                     0x08003d12   Section        2  handlers.o(i.__scatterload_null)
    i.__scatterload_zeroinit                 0x08003d14   Section       14  handlers.o(i.__scatterload_zeroinit)
    i._fp_digits                             0x08003d24   Section        0  printfa.o(i._fp_digits)
    _fp_digits                               0x08003d25   Thumb Code   366  printfa.o(i._fp_digits)
    i._printf_core                           0x08003ea8   Section        0  printfa.o(i._printf_core)
    _printf_core                             0x08003ea9   Thumb Code  1744  printfa.o(i._printf_core)
    i._printf_post_padding                   0x08004584   Section        0  printfa.o(i._printf_post_padding)
    _printf_post_padding                     0x08004585   Thumb Code    36  printfa.o(i._printf_post_padding)
    i._printf_pre_padding                    0x080045a8   Section        0  printfa.o(i._printf_pre_padding)
    _printf_pre_padding                      0x080045a9   Thumb Code    46  printfa.o(i._printf_pre_padding)
    i._sputc                                 0x080045d6   Section        0  printfa.o(i._sputc)
    _sputc                                   0x080045d7   Thumb Code    10  printfa.o(i._sputc)
    .constdata                               0x080045e0   Section       59  hal_i2c.o(.constdata)
    __func__                                 0x080045e0   Data          23  hal_i2c.o(.constdata)
    __func__                                 0x080045f7   Data          13  hal_i2c.o(.constdata)
    __func__                                 0x08004604   Data          23  hal_i2c.o(.constdata)
    .constdata                               0x0800461c   Section       51  sht20.o(.constdata)
    __func__                                 0x0800461e   Data          16  sht20.o(.constdata)
    __func__                                 0x0800462e   Data          11  sht20.o(.constdata)
    __func__                                 0x08004639   Data          22  sht20.o(.constdata)
    .constdata                               0x0800464f   Section        8  usart2.o(.constdata)
    __func__                                 0x0800464f   Data           8  usart2.o(.constdata)
    .constdata                               0x08004657   Section      512  utils.o(.constdata)
    aucCRCHi                                 0x08004657   Data         256  utils.o(.constdata)
    aucCRCLo                                 0x08004757   Data         256  utils.o(.constdata)
    .conststring                             0x08004858   Section       98  hal_i2c.o(.conststring)
    .data                                    0x20000000   Section       20  system_stm32f10x.o(.data)
    .data                                    0x20000014   Section       20  stm32f10x_rcc.o(.data)
    APBAHBPrescTable                         0x20000014   Data          16  stm32f10x_rcc.o(.data)
    ADCPrescTable                            0x20000024   Data           4  stm32f10x_rcc.o(.data)
    .data                                    0x20000028   Section        1  fengshan.o(.data)
    .data                                    0x20000029   Section        4  led.o(.data)
    .data                                    0x20000030   Section        8  usart2.o(.data)
    .data                                    0x20000038   Section        4  stdout.o(.data)
    .bss                                     0x2000003c   Section     1024  usart2.o(.bss)
    STACK                                    0x20000440   Section     1024  startup_stm32f10x_md.o(STACK)

    Global Symbols

    Symbol Name                              Value     Ov Type        Size  Object(Section)

    BuildAttributes$$THM_ISAv4$P$D$K$B$S$PE$A:L22UL41UL21$X:L11$S22US41US21$IEEE1$IW$USESV6$~STKCKD$USESV7$~SHL$OTIME$ROPI$EBA8$MICROLIB$REQ8$PRES8$EABIv2 0x00000000   Number         0  anon$$obj.o ABSOLUTE
    __ARM_use_no_argv                        0x00000000   Number         0  main.o ABSOLUTE
    _printf_a                                0x00000000   Number         0  stubs.o ABSOLUTE
    _printf_c                                0x00000000   Number         0  stubs.o ABSOLUTE
    _printf_charcount                        0x00000000   Number         0  stubs.o ABSOLUTE
    _printf_d                                0x00000000   Number         0  stubs.o ABSOLUTE
    _printf_e                                0x00000000   Number         0  stubs.o ABSOLUTE
    _printf_f                                0x00000000   Number         0  stubs.o ABSOLUTE
    _printf_flags                            0x00000000   Number         0  stubs.o ABSOLUTE
    _printf_fp_dec                           0x00000000   Number         0  stubs.o ABSOLUTE
    _printf_fp_hex                           0x00000000   Number         0  stubs.o ABSOLUTE
    _printf_g                                0x00000000   Number         0  stubs.o ABSOLUTE
    _printf_i                                0x00000000   Number         0  stubs.o ABSOLUTE
    _printf_int_dec                          0x00000000   Number         0  stubs.o ABSOLUTE
    _printf_l                                0x00000000   Number         0  stubs.o ABSOLUTE
    _printf_lc                               0x00000000   Number         0  stubs.o ABSOLUTE
    _printf_ll                               0x00000000   Number         0  stubs.o ABSOLUTE
    _printf_lld                              0x00000000   Number         0  stubs.o ABSOLUTE
    _printf_lli                              0x00000000   Number         0  stubs.o ABSOLUTE
    _printf_llo                              0x00000000   Number         0  stubs.o ABSOLUTE
    _printf_llu                              0x00000000   Number         0  stubs.o ABSOLUTE
    _printf_llx                              0x00000000   Number         0  stubs.o ABSOLUTE
    _printf_longlong_dec                     0x00000000   Number         0  stubs.o ABSOLUTE
    _printf_longlong_hex                     0x00000000   Number         0  stubs.o ABSOLUTE
    _printf_longlong_oct                     0x00000000   Number         0  stubs.o ABSOLUTE
    _printf_ls                               0x00000000   Number         0  stubs.o ABSOLUTE
    _printf_mbtowc                           0x00000000   Number         0  stubs.o ABSOLUTE
    _printf_n                                0x00000000   Number         0  stubs.o ABSOLUTE
    _printf_o                                0x00000000   Number         0  stubs.o ABSOLUTE
    _printf_p                                0x00000000   Number         0  stubs.o ABSOLUTE
    _printf_percent                          0x00000000   Number         0  stubs.o ABSOLUTE
    _printf_pre_padding                      0x00000000   Number         0  stubs.o ABSOLUTE
    _printf_return_value                     0x00000000   Number         0  stubs.o ABSOLUTE
    _printf_s                                0x00000000   Number         0  stubs.o ABSOLUTE
    _printf_sizespec                         0x00000000   Number         0  stubs.o ABSOLUTE
    _printf_str                              0x00000000   Number         0  stubs.o ABSOLUTE
    _printf_truncate_signed                  0x00000000   Number         0  stubs.o ABSOLUTE
    _printf_truncate_unsigned                0x00000000   Number         0  stubs.o ABSOLUTE
    _printf_u                                0x00000000   Number         0  stubs.o ABSOLUTE
    _printf_wc                               0x00000000   Number         0  stubs.o ABSOLUTE
    _printf_wctomb                           0x00000000   Number         0  stubs.o ABSOLUTE
    _printf_widthprec                        0x00000000   Number         0  stubs.o ABSOLUTE
    _printf_x                                0x00000000   Number         0  stubs.o ABSOLUTE
    __cpp_initialize__aeabi_                  - Undefined Weak Reference
    __cxa_finalize                            - Undefined Weak Reference
    __decompress                              - Undefined Weak Reference
    _clock_init                               - Undefined Weak Reference
    _microlib_exit                            - Undefined Weak Reference
    __Vectors_Size                           0x000000ec   Number         0  startup_stm32f10x_md.o ABSOLUTE
    __Vectors                                0x08000000   Data           4  startup_stm32f10x_md.o(RESET)
    __Vectors_End                            0x080000ec   Data           0  startup_stm32f10x_md.o(RESET)
    __main                                   0x080000ed   Thumb Code     0  entry.o(.ARM.Collect$$$$00000000)
    _main_stk                                0x080000ed   Thumb Code     0  entry2.o(.ARM.Collect$$$$00000001)
    _main_scatterload                        0x080000f1   Thumb Code     0  entry5.o(.ARM.Collect$$$$00000004)
    __main_after_scatterload                 0x080000f5   Thumb Code     0  entry5.o(.ARM.Collect$$$$00000004)
    _main_clock                              0x080000f5   Thumb Code     0  entry7b.o(.ARM.Collect$$$$00000008)
    _main_cpp_init                           0x080000f5   Thumb Code     0  entry8b.o(.ARM.Collect$$$$0000000A)
    _main_init                               0x080000f5   Thumb Code     0  entry9a.o(.ARM.Collect$$$$0000000B)
    __rt_final_cpp                           0x080000fd   Thumb Code     0  entry10a.o(.ARM.Collect$$$$0000000D)
    __rt_final_exit                          0x080000fd   Thumb Code     0  entry11a.o(.ARM.Collect$$$$0000000F)
    SystemInit                               0x080001df   Thumb Code    78  system_stm32f10x.o(.text)
    SystemCoreClockUpdate                    0x0800022d   Thumb Code   142  system_stm32f10x.o(.text)
    Reset_Handler                            0x080002e9   Thumb Code     8  startup_stm32f10x_md.o(.text)
    ADC1_2_IRQHandler                        0x08000303   Thumb Code     0  startup_stm32f10x_md.o(.text)
    CAN1_RX1_IRQHandler                      0x08000303   Thumb Code     0  startup_stm32f10x_md.o(.text)
    CAN1_SCE_IRQHandler                      0x08000303   Thumb Code     0  startup_stm32f10x_md.o(.text)
    DMA1_Channel1_IRQHandler                 0x08000303   Thumb Code     0  startup_stm32f10x_md.o(.text)
    DMA1_Channel2_IRQHandler                 0x08000303   Thumb Code     0  startup_stm32f10x_md.o(.text)
    DMA1_Channel3_IRQHandler                 0x08000303   Thumb Code     0  startup_stm32f10x_md.o(.text)
    DMA1_Channel4_IRQHandler                 0x08000303   Thumb Code     0  startup_stm32f10x_md.o(.text)
    DMA1_Channel5_IRQHandler                 0x08000303   Thumb Code     0  startup_stm32f10x_md.o(.text)
    DMA1_Channel6_IRQHandler                 0x08000303   Thumb Code     0  startup_stm32f10x_md.o(.text)
    DMA1_Channel7_IRQHandler                 0x08000303   Thumb Code     0  startup_stm32f10x_md.o(.text)
    EXTI15_10_IRQHandler                     0x08000303   Thumb Code     0  startup_stm32f10x_md.o(.text)
    EXTI1_IRQHandler                         0x08000303   Thumb Code     0  startup_stm32f10x_md.o(.text)
    EXTI2_IRQHandler                         0x08000303   Thumb Code     0  startup_stm32f10x_md.o(.text)
    EXTI3_IRQHandler                         0x08000303   Thumb Code     0  startup_stm32f10x_md.o(.text)
    EXTI4_IRQHandler                         0x08000303   Thumb Code     0  startup_stm32f10x_md.o(.text)
    EXTI9_5_IRQHandler                       0x08000303   Thumb Code     0  startup_stm32f10x_md.o(.text)
    FLASH_IRQHandler                         0x08000303   Thumb Code     0  startup_stm32f10x_md.o(.text)
    I2C1_ER_IRQHandler                       0x08000303   Thumb Code     0  startup_stm32f10x_md.o(.text)
    I2C1_EV_IRQHandler                       0x08000303   Thumb Code     0  startup_stm32f10x_md.o(.text)
    I2C2_ER_IRQHandler                       0x08000303   Thumb Code     0  startup_stm32f10x_md.o(.text)
    I2C2_EV_IRQHandler                       0x08000303   Thumb Code     0  startup_stm32f10x_md.o(.text)
    PVD_IRQHandler                           0x08000303   Thumb Code     0  startup_stm32f10x_md.o(.text)
    RCC_IRQHandler                           0x08000303   Thumb Code     0  startup_stm32f10x_md.o(.text)
    RTCAlarm_IRQHandler                      0x08000303   Thumb Code     0  startup_stm32f10x_md.o(.text)
    SPI1_IRQHandler                          0x08000303   Thumb Code     0  startup_stm32f10x_md.o(.text)
    SPI2_IRQHandler                          0x08000303   Thumb Code     0  startup_stm32f10x_md.o(.text)
    TAMPER_IRQHandler                        0x08000303   Thumb Code     0  startup_stm32f10x_md.o(.text)
    TIM1_BRK_IRQHandler                      0x08000303   Thumb Code     0  startup_stm32f10x_md.o(.text)
    TIM1_CC_IRQHandler                       0x08000303   Thumb Code     0  startup_stm32f10x_md.o(.text)
    TIM1_TRG_COM_IRQHandler                  0x08000303   Thumb Code     0  startup_stm32f10x_md.o(.text)
    TIM1_UP_IRQHandler                       0x08000303   Thumb Code     0  startup_stm32f10x_md.o(.text)
    TIM2_IRQHandler                          0x08000303   Thumb Code     0  startup_stm32f10x_md.o(.text)
    TIM3_IRQHandler                          0x08000303   Thumb Code     0  startup_stm32f10x_md.o(.text)
    TIM4_IRQHandler                          0x08000303   Thumb Code     0  startup_stm32f10x_md.o(.text)
    USART3_IRQHandler                        0x08000303   Thumb Code     0  startup_stm32f10x_md.o(.text)
    USBWakeUp_IRQHandler                     0x08000303   Thumb Code     0  startup_stm32f10x_md.o(.text)
    USB_HP_CAN1_TX_IRQHandler                0x08000303   Thumb Code     0  startup_stm32f10x_md.o(.text)
    USB_LP_CAN1_RX0_IRQHandler               0x08000303   Thumb Code     0  startup_stm32f10x_md.o(.text)
    WWDG_IRQHandler                          0x08000303   Thumb Code     0  startup_stm32f10x_md.o(.text)
    main                                     0x0800030d   Thumb Code   284  main.o(.text)
    NMI_Handler                              0x08000489   Thumb Code     2  stm32f10x_it.o(.text)
    HardFault_Handler                        0x0800048b   Thumb Code     4  stm32f10x_it.o(.text)
    MemManage_Handler                        0x0800048f   Thumb Code     4  stm32f10x_it.o(.text)
    BusFault_Handler                         0x08000493   Thumb Code     4  stm32f10x_it.o(.text)
    UsageFault_Handler                       0x08000497   Thumb Code     4  stm32f10x_it.o(.text)
    SVC_Handler                              0x0800049b   Thumb Code     2  stm32f10x_it.o(.text)
    DebugMon_Handler                         0x0800049d   Thumb Code     2  stm32f10x_it.o(.text)
    PendSV_Handler                           0x0800049f   Thumb Code     2  stm32f10x_it.o(.text)
    SysTick_Handler                          0x080004a1   Thumb Code     2  stm32f10x_it.o(.text)
    EXTI0_IRQHandler                         0x080004a3   Thumb Code     2  stm32f10x_it.o(.text)
    USART1_IRQHandler                        0x080004a5   Thumb Code     2  stm32f10x_it.o(.text)
    USART2_IRQHandler                        0x080004a7   Thumb Code    70  stm32f10x_it.o(.text)
    RTC_IRQHandler                           0x080004ed   Thumb Code     2  stm32f10x_it.o(.text)
    NVIC_PriorityGroupConfig                 0x080004fd   Thumb Code    10  misc.o(.text)
    NVIC_Init                                0x08000507   Thumb Code   100  misc.o(.text)
    NVIC_SetVectorTable                      0x0800056b   Thumb Code    14  misc.o(.text)
    NVIC_SystemLPConfig                      0x08000579   Thumb Code    34  misc.o(.text)
    SysTick_CLKSourceConfig                  0x0800059b   Thumb Code    40  misc.o(.text)
    GPIO_DeInit                              0x080005d9   Thumb Code   172  stm32f10x_gpio.o(.text)
    GPIO_AFIODeInit                          0x08000685   Thumb Code    20  stm32f10x_gpio.o(.text)
    GPIO_Init                                0x08000699   Thumb Code   278  stm32f10x_gpio.o(.text)
    GPIO_StructInit                          0x080007af   Thumb Code    16  stm32f10x_gpio.o(.text)
    GPIO_ReadInputDataBit                    0x080007bf   Thumb Code    18  stm32f10x_gpio.o(.text)
    GPIO_ReadInputData                       0x080007d1   Thumb Code     8  stm32f10x_gpio.o(.text)
    GPIO_ReadOutputDataBit                   0x080007d9   Thumb Code    18  stm32f10x_gpio.o(.text)
    GPIO_ReadOutputData                      0x080007eb   Thumb Code     8  stm32f10x_gpio.o(.text)
    GPIO_SetBits                             0x080007f3   Thumb Code     4  stm32f10x_gpio.o(.text)
    GPIO_ResetBits                           0x080007f7   Thumb Code     4  stm32f10x_gpio.o(.text)
    GPIO_WriteBit                            0x080007fb   Thumb Code    10  stm32f10x_gpio.o(.text)
    GPIO_Write                               0x08000805   Thumb Code     4  stm32f10x_gpio.o(.text)
    GPIO_PinLockConfig                       0x08000809   Thumb Code    18  stm32f10x_gpio.o(.text)
    GPIO_EventOutputConfig                   0x0800081b   Thumb Code    26  stm32f10x_gpio.o(.text)
    GPIO_EventOutputCmd                      0x08000835   Thumb Code     6  stm32f10x_gpio.o(.text)
    GPIO_PinRemapConfig                      0x0800083b   Thumb Code   138  stm32f10x_gpio.o(.text)
    GPIO_EXTILineConfig                      0x080008c5   Thumb Code    66  stm32f10x_gpio.o(.text)
    GPIO_ETH_MediaInterfaceConfig            0x08000907   Thumb Code     8  stm32f10x_gpio.o(.text)
    I2C_DeInit                               0x08000935   Thumb Code    50  stm32f10x_i2c.o(.text)
    I2C_Init                                 0x08000967   Thumb Code   222  stm32f10x_i2c.o(.text)
    I2C_StructInit                           0x08000a45   Thumb Code    30  stm32f10x_i2c.o(.text)
    I2C_Cmd                                  0x08000a63   Thumb Code    24  stm32f10x_i2c.o(.text)
    I2C_DMACmd                               0x08000a7b   Thumb Code    24  stm32f10x_i2c.o(.text)
    I2C_DMALastTransferCmd                   0x08000a93   Thumb Code    24  stm32f10x_i2c.o(.text)
    I2C_GenerateSTART                        0x08000aab   Thumb Code    24  stm32f10x_i2c.o(.text)
    I2C_GenerateSTOP                         0x08000ac3   Thumb Code    24  stm32f10x_i2c.o(.text)
    I2C_AcknowledgeConfig                    0x08000adb   Thumb Code    24  stm32f10x_i2c.o(.text)
    I2C_OwnAddress2Config                    0x08000af3   Thumb Code    22  stm32f10x_i2c.o(.text)
    I2C_DualAddressCmd                       0x08000b09   Thumb Code    24  stm32f10x_i2c.o(.text)
    I2C_GeneralCallCmd                       0x08000b21   Thumb Code    24  stm32f10x_i2c.o(.text)
    I2C_ITConfig                             0x08000b39   Thumb Code    18  stm32f10x_i2c.o(.text)
    I2C_SendData                             0x08000b4b   Thumb Code     4  stm32f10x_i2c.o(.text)
    I2C_ReceiveData                          0x08000b4f   Thumb Code     8  stm32f10x_i2c.o(.text)
    I2C_Send7bitAddress                      0x08000b57   Thumb Code    18  stm32f10x_i2c.o(.text)
    I2C_ReadRegister                         0x08000b69   Thumb Code    22  stm32f10x_i2c.o(.text)
    I2C_SoftwareResetCmd                     0x08000b7f   Thumb Code    22  stm32f10x_i2c.o(.text)
    I2C_NACKPositionConfig                   0x08000b95   Thumb Code    28  stm32f10x_i2c.o(.text)
    I2C_SMBusAlertConfig                     0x08000bb1   Thumb Code    28  stm32f10x_i2c.o(.text)
    I2C_TransmitPEC                          0x08000bcd   Thumb Code    24  stm32f10x_i2c.o(.text)
    I2C_PECPositionConfig                    0x08000be5   Thumb Code    28  stm32f10x_i2c.o(.text)
    I2C_CalculatePEC                         0x08000c01   Thumb Code    24  stm32f10x_i2c.o(.text)
    I2C_GetPEC                               0x08000c19   Thumb Code     8  stm32f10x_i2c.o(.text)
    I2C_ARPCmd                               0x08000c21   Thumb Code    24  stm32f10x_i2c.o(.text)
    I2C_StretchClockCmd                      0x08000c39   Thumb Code    24  stm32f10x_i2c.o(.text)
    I2C_FastModeDutyCycleConfig              0x08000c51   Thumb Code    28  stm32f10x_i2c.o(.text)
    I2C_CheckEvent                           0x08000c6d   Thumb Code    42  stm32f10x_i2c.o(.text)
    I2C_GetLastEvent                         0x08000c97   Thumb Code    26  stm32f10x_i2c.o(.text)
    I2C_GetFlagStatus                        0x08000cb1   Thumb Code    58  stm32f10x_i2c.o(.text)
    I2C_ClearFlag                            0x08000ceb   Thumb Code    12  stm32f10x_i2c.o(.text)
    I2C_GetITStatus                          0x08000cf7   Thumb Code    54  stm32f10x_i2c.o(.text)
    I2C_ClearITPendingBit                    0x08000d2d   Thumb Code    12  stm32f10x_i2c.o(.text)
    RCC_DeInit                               0x08000d39   Thumb Code    64  stm32f10x_rcc.o(.text)
    RCC_HSEConfig                            0x08000d79   Thumb Code    70  stm32f10x_rcc.o(.text)
    RCC_GetFlagStatus                        0x08000dbf   Thumb Code    56  stm32f10x_rcc.o(.text)
    RCC_WaitForHSEStartUp                    0x08000df7   Thumb Code    56  stm32f10x_rcc.o(.text)
    RCC_AdjustHSICalibrationValue            0x08000e2f   Thumb Code    20  stm32f10x_rcc.o(.text)
    RCC_HSICmd                               0x08000e43   Thumb Code     6  stm32f10x_rcc.o(.text)
    RCC_PLLConfig                            0x08000e49   Thumb Code    24  stm32f10x_rcc.o(.text)
    RCC_PLLCmd                               0x08000e61   Thumb Code     6  stm32f10x_rcc.o(.text)
    RCC_SYSCLKConfig                         0x08000e67   Thumb Code    18  stm32f10x_rcc.o(.text)
    RCC_GetSYSCLKSource                      0x08000e79   Thumb Code    10  stm32f10x_rcc.o(.text)
    RCC_HCLKConfig                           0x08000e83   Thumb Code    18  stm32f10x_rcc.o(.text)
    RCC_PCLK1Config                          0x08000e95   Thumb Code    18  stm32f10x_rcc.o(.text)
    RCC_PCLK2Config                          0x08000ea7   Thumb Code    20  stm32f10x_rcc.o(.text)
    RCC_ITConfig                             0x08000ebb   Thumb Code    26  stm32f10x_rcc.o(.text)
    RCC_USBCLKConfig                         0x08000ed5   Thumb Code     8  stm32f10x_rcc.o(.text)
    RCC_ADCCLKConfig                         0x08000edd   Thumb Code    18  stm32f10x_rcc.o(.text)
    RCC_LSEConfig                            0x08000eef   Thumb Code    50  stm32f10x_rcc.o(.text)
    RCC_LSICmd                               0x08000f21   Thumb Code     6  stm32f10x_rcc.o(.text)
    RCC_RTCCLKConfig                         0x08000f27   Thumb Code    12  stm32f10x_rcc.o(.text)
    RCC_RTCCLKCmd                            0x08000f33   Thumb Code     8  stm32f10x_rcc.o(.text)
    RCC_GetClocksFreq                        0x08000f3b   Thumb Code   192  stm32f10x_rcc.o(.text)
    RCC_AHBPeriphClockCmd                    0x08000ffb   Thumb Code    26  stm32f10x_rcc.o(.text)
    RCC_APB2PeriphClockCmd                   0x08001015   Thumb Code    26  stm32f10x_rcc.o(.text)
    RCC_APB1PeriphClockCmd                   0x0800102f   Thumb Code    26  stm32f10x_rcc.o(.text)
    RCC_APB2PeriphResetCmd                   0x08001049   Thumb Code    26  stm32f10x_rcc.o(.text)
    RCC_APB1PeriphResetCmd                   0x08001063   Thumb Code    26  stm32f10x_rcc.o(.text)
    RCC_BackupResetCmd                       0x0800107d   Thumb Code     8  stm32f10x_rcc.o(.text)
    RCC_ClockSecuritySystemCmd               0x08001085   Thumb Code     6  stm32f10x_rcc.o(.text)
    RCC_MCOConfig                            0x0800108b   Thumb Code     6  stm32f10x_rcc.o(.text)
    RCC_ClearFlag                            0x08001091   Thumb Code    14  stm32f10x_rcc.o(.text)
    RCC_GetITStatus                          0x0800109f   Thumb Code    20  stm32f10x_rcc.o(.text)
    RCC_ClearITPendingBit                    0x080010b3   Thumb Code     6  stm32f10x_rcc.o(.text)
    USART_DeInit                             0x080010e5   Thumb Code   134  stm32f10x_usart.o(.text)
    USART_Init                               0x0800116b   Thumb Code   210  stm32f10x_usart.o(.text)
    USART_StructInit                         0x0800123d   Thumb Code    24  stm32f10x_usart.o(.text)
    USART_ClockInit                          0x08001255   Thumb Code    34  stm32f10x_usart.o(.text)
    USART_ClockStructInit                    0x08001277   Thumb Code    12  stm32f10x_usart.o(.text)
    USART_Cmd                                0x08001283   Thumb Code    24  stm32f10x_usart.o(.text)
    USART_ITConfig                           0x0800129b   Thumb Code    74  stm32f10x_usart.o(.text)
    USART_DMACmd                             0x080012e5   Thumb Code    18  stm32f10x_usart.o(.text)
    USART_SetAddress                         0x080012f7   Thumb Code    18  stm32f10x_usart.o(.text)
    USART_WakeUpConfig                       0x08001309   Thumb Code    18  stm32f10x_usart.o(.text)
    USART_ReceiverWakeUpCmd                  0x0800131b   Thumb Code    24  stm32f10x_usart.o(.text)
    USART_LINBreakDetectLengthConfig         0x08001333   Thumb Code    18  stm32f10x_usart.o(.text)
    USART_LINCmd                             0x08001345   Thumb Code    24  stm32f10x_usart.o(.text)
    USART_SendData                           0x0800135d   Thumb Code     8  stm32f10x_usart.o(.text)
    USART_ReceiveData                        0x08001365   Thumb Code    10  stm32f10x_usart.o(.text)
    USART_SendBreak                          0x0800136f   Thumb Code    10  stm32f10x_usart.o(.text)
    USART_SetGuardTime                       0x08001379   Thumb Code    16  stm32f10x_usart.o(.text)
    USART_SetPrescaler                       0x08001389   Thumb Code    16  stm32f10x_usart.o(.text)
    USART_SmartCardCmd                       0x08001399   Thumb Code    24  stm32f10x_usart.o(.text)
    USART_SmartCardNACKCmd                   0x080013b1   Thumb Code    24  stm32f10x_usart.o(.text)
    USART_HalfDuplexCmd                      0x080013c9   Thumb Code    24  stm32f10x_usart.o(.text)
    USART_OverSampling8Cmd                   0x080013e1   Thumb Code    22  stm32f10x_usart.o(.text)
    USART_OneBitMethodCmd                    0x080013f7   Thumb Code    24  stm32f10x_usart.o(.text)
    USART_IrDAConfig                         0x0800140f   Thumb Code    18  stm32f10x_usart.o(.text)
    USART_IrDACmd                            0x08001421   Thumb Code    24  stm32f10x_usart.o(.text)
    USART_GetFlagStatus                      0x08001439   Thumb Code    26  stm32f10x_usart.o(.text)
    USART_ClearFlag                          0x08001453   Thumb Code    18  stm32f10x_usart.o(.text)
    USART_GetITStatus                        0x08001465   Thumb Code    84  stm32f10x_usart.o(.text)
    USART_ClearITPendingBit                  0x080014b9   Thumb Code    52  stm32f10x_usart.o(.text)
    TIM_DeInit                               0x080014ed   Thumb Code   424  stm32f10x_tim.o(.text)
    TIM_TimeBaseInit                         0x08001695   Thumb Code   122  stm32f10x_tim.o(.text)
    TIM_OC1Init                              0x0800170f   Thumb Code   132  stm32f10x_tim.o(.text)
    TIM_OC2Init                              0x08001793   Thumb Code   154  stm32f10x_tim.o(.text)
    TIM_OC3Init                              0x0800182d   Thumb Code   150  stm32f10x_tim.o(.text)
    TIM_OC4Init                              0x080018c3   Thumb Code   182  stm32f10x_tim.o(.text)
    TIM_SetIC4Prescaler                      0x08001979   Thumb Code    26  stm32f10x_tim.o(.text)
    TIM_SetIC3Prescaler                      0x08001a15   Thumb Code    18  stm32f10x_tim.o(.text)
    TIM_SetIC2Prescaler                      0x08001aa1   Thumb Code    26  stm32f10x_tim.o(.text)
    TIM_SetIC1Prescaler                      0x08001b3d   Thumb Code    18  stm32f10x_tim.o(.text)
    TIM_ICInit                               0x08001bbb   Thumb Code   150  stm32f10x_tim.o(.text)
    TIM_PWMIConfig                           0x08001c51   Thumb Code   124  stm32f10x_tim.o(.text)
    TIM_BDTRConfig                           0x08001ccd   Thumb Code    32  stm32f10x_tim.o(.text)
    TIM_TimeBaseStructInit                   0x08001ced   Thumb Code    18  stm32f10x_tim.o(.text)
    TIM_OCStructInit                         0x08001cff   Thumb Code    20  stm32f10x_tim.o(.text)
    TIM_ICStructInit                         0x08001d13   Thumb Code    18  stm32f10x_tim.o(.text)
    TIM_BDTRStructInit                       0x08001d25   Thumb Code    40  stm32f10x_tim.o(.text)
    TIM_Cmd                                  0x08001d4d   Thumb Code    24  stm32f10x_tim.o(.text)
    TIM_CtrlPWMOutputs                       0x08001d65   Thumb Code    30  stm32f10x_tim.o(.text)
    TIM_ITConfig                             0x08001d83   Thumb Code    18  stm32f10x_tim.o(.text)
    TIM_GenerateEvent                        0x08001d95   Thumb Code     4  stm32f10x_tim.o(.text)
    TIM_DMAConfig                            0x08001d99   Thumb Code    10  stm32f10x_tim.o(.text)
    TIM_DMACmd                               0x08001da3   Thumb Code    18  stm32f10x_tim.o(.text)
    TIM_InternalClockConfig                  0x08001db5   Thumb Code    12  stm32f10x_tim.o(.text)
    TIM_SelectInputTrigger                   0x08001dc1   Thumb Code    18  stm32f10x_tim.o(.text)
    TIM_ITRxExternalClockConfig              0x08001dd3   Thumb Code    24  stm32f10x_tim.o(.text)
    TIM_TIxExternalClockConfig               0x08001deb   Thumb Code    62  stm32f10x_tim.o(.text)
    TIM_ETRConfig                            0x08001e29   Thumb Code    28  stm32f10x_tim.o(.text)
    TIM_ETRClockMode1Config                  0x08001e45   Thumb Code    54  stm32f10x_tim.o(.text)
    TIM_ETRClockMode2Config                  0x08001e7b   Thumb Code    32  stm32f10x_tim.o(.text)
    TIM_PrescalerConfig                      0x08001e9b   Thumb Code     6  stm32f10x_tim.o(.text)
    TIM_CounterModeConfig                    0x08001ea1   Thumb Code    18  stm32f10x_tim.o(.text)
    TIM_EncoderInterfaceConfig               0x08001eb3   Thumb Code    66  stm32f10x_tim.o(.text)
    TIM_ForcedOC1Config                      0x08001ef5   Thumb Code    18  stm32f10x_tim.o(.text)
    TIM_ForcedOC2Config                      0x08001f07   Thumb Code    26  stm32f10x_tim.o(.text)
    TIM_ForcedOC3Config                      0x08001f21   Thumb Code    18  stm32f10x_tim.o(.text)
    TIM_ForcedOC4Config                      0x08001f33   Thumb Code    26  stm32f10x_tim.o(.text)
    TIM_ARRPreloadConfig                     0x08001f4d   Thumb Code    24  stm32f10x_tim.o(.text)
    TIM_SelectCOM                            0x08001f65   Thumb Code    24  stm32f10x_tim.o(.text)
    TIM_SelectCCDMA                          0x08001f7d   Thumb Code    24  stm32f10x_tim.o(.text)
    TIM_CCPreloadControl                     0x08001f95   Thumb Code    24  stm32f10x_tim.o(.text)
    TIM_OC1PreloadConfig                     0x08001fad   Thumb Code    18  stm32f10x_tim.o(.text)
    TIM_OC2PreloadConfig                     0x08001fbf   Thumb Code    26  stm32f10x_tim.o(.text)
    TIM_OC3PreloadConfig                     0x08001fd9   Thumb Code    18  stm32f10x_tim.o(.text)
    TIM_OC4PreloadConfig                     0x08001feb   Thumb Code    26  stm32f10x_tim.o(.text)
    TIM_OC1FastConfig                        0x08002005   Thumb Code    18  stm32f10x_tim.o(.text)
    TIM_OC2FastConfig                        0x08002017   Thumb Code    26  stm32f10x_tim.o(.text)
    TIM_OC3FastConfig                        0x08002031   Thumb Code    18  stm32f10x_tim.o(.text)
    TIM_OC4FastConfig                        0x08002043   Thumb Code    26  stm32f10x_tim.o(.text)
    TIM_ClearOC1Ref                          0x0800205d   Thumb Code    18  stm32f10x_tim.o(.text)
    TIM_ClearOC2Ref                          0x0800206f   Thumb Code    24  stm32f10x_tim.o(.text)
    TIM_ClearOC3Ref                          0x08002087   Thumb Code    18  stm32f10x_tim.o(.text)
    TIM_ClearOC4Ref                          0x08002099   Thumb Code    24  stm32f10x_tim.o(.text)
    TIM_OC1PolarityConfig                    0x080020b1   Thumb Code    18  stm32f10x_tim.o(.text)
    TIM_OC1NPolarityConfig                   0x080020c3   Thumb Code    18  stm32f10x_tim.o(.text)
    TIM_OC2PolarityConfig                    0x080020d5   Thumb Code    26  stm32f10x_tim.o(.text)
    TIM_OC2NPolarityConfig                   0x080020ef   Thumb Code    26  stm32f10x_tim.o(.text)
    TIM_OC3PolarityConfig                    0x08002109   Thumb Code    26  stm32f10x_tim.o(.text)
    TIM_OC3NPolarityConfig                   0x08002123   Thumb Code    26  stm32f10x_tim.o(.text)
    TIM_OC4PolarityConfig                    0x0800213d   Thumb Code    26  stm32f10x_tim.o(.text)
    TIM_CCxCmd                               0x08002157   Thumb Code    30  stm32f10x_tim.o(.text)
    TIM_CCxNCmd                              0x08002175   Thumb Code    30  stm32f10x_tim.o(.text)
    TIM_SelectOCxM                           0x08002193   Thumb Code    82  stm32f10x_tim.o(.text)
    TIM_UpdateDisableConfig                  0x080021e5   Thumb Code    24  stm32f10x_tim.o(.text)
    TIM_UpdateRequestConfig                  0x080021fd   Thumb Code    24  stm32f10x_tim.o(.text)
    TIM_SelectHallSensor                     0x08002215   Thumb Code    24  stm32f10x_tim.o(.text)
    TIM_SelectOnePulseMode                   0x0800222d   Thumb Code    18  stm32f10x_tim.o(.text)
    TIM_SelectOutputTrigger                  0x0800223f   Thumb Code    18  stm32f10x_tim.o(.text)
    TIM_SelectSlaveMode                      0x08002251   Thumb Code    18  stm32f10x_tim.o(.text)
    TIM_SelectMasterSlaveMode                0x08002263   Thumb Code    18  stm32f10x_tim.o(.text)
    TIM_SetCounter                           0x08002275   Thumb Code     4  stm32f10x_tim.o(.text)
    TIM_SetAutoreload                        0x08002279   Thumb Code     4  stm32f10x_tim.o(.text)
    TIM_SetCompare1                          0x0800227d   Thumb Code     4  stm32f10x_tim.o(.text)
    TIM_SetCompare2                          0x08002281   Thumb Code     4  stm32f10x_tim.o(.text)
    TIM_SetCompare3                          0x08002285   Thumb Code     4  stm32f10x_tim.o(.text)
    TIM_SetCompare4                          0x08002289   Thumb Code     6  stm32f10x_tim.o(.text)
    TIM_SetClockDivision                     0x0800228f   Thumb Code    18  stm32f10x_tim.o(.text)
    TIM_GetCapture1                          0x080022a1   Thumb Code     6  stm32f10x_tim.o(.text)
    TIM_GetCapture2                          0x080022a7   Thumb Code     6  stm32f10x_tim.o(.text)
    TIM_GetCapture3                          0x080022ad   Thumb Code     6  stm32f10x_tim.o(.text)
    TIM_GetCapture4                          0x080022b3   Thumb Code     8  stm32f10x_tim.o(.text)
    TIM_GetCounter                           0x080022bb   Thumb Code     6  stm32f10x_tim.o(.text)
    TIM_GetPrescaler                         0x080022c1   Thumb Code     6  stm32f10x_tim.o(.text)
    TIM_GetFlagStatus                        0x080022c7   Thumb Code    18  stm32f10x_tim.o(.text)
    TIM_ClearFlag                            0x080022d9   Thumb Code     6  stm32f10x_tim.o(.text)
    TIM_GetITStatus                          0x080022df   Thumb Code    34  stm32f10x_tim.o(.text)
    TIM_ClearITPendingBit                    0x08002301   Thumb Code     6  stm32f10x_tim.o(.text)
    GPIO_I2C_Configuration                   0x08002309   Thumb Code    68  hal_i2c.o(.text)
    I2C_Configuration                        0x0800234d   Thumb Code    88  hal_i2c.o(.text)
    Check_I2C_Device_Ready                   0x080023a5   Thumb Code    12  hal_i2c.o(.text)
    Hal_I2C_Init                             0x080023b1   Thumb Code    30  hal_i2c.o(.text)
    Hal_I2C_ByteWrite                        0x080023cf   Thumb Code   148  hal_i2c.o(.text)
    Hal_I2C_ByteRead                         0x08002463   Thumb Code   196  hal_i2c.o(.text)
    Hal_I2C_MutiRead                         0x08002527   Thumb Code   212  hal_i2c.o(.text)
    SHT20_reset                              0x08002629   Thumb Code    16  sht20.o(.text)
    SHT20_read_user_reg                      0x08002639   Thumb Code    24  sht20.o(.text)
    SHT20_write_user_reg                     0x08002651   Thumb Code    16  sht20.o(.text)
    SHT2x_CheckCrc                           0x08002661   Thumb Code    70  sht20.o(.text)
    SHT2x_CalcRH                             0x080026a7   Thumb Code    56  sht20.o(.text)
    SHT2x_CalcTemperatureC                   0x080026df   Thumb Code    56  sht20.o(.text)
    SHT2x_MeasureHM                          0x08002717   Thumb Code   416  sht20.o(.text)
    SHT2x_GetSerialNumber                    0x080028b7   Thumb Code   870  sht20.o(.text)
    SHT20_loop                               0x08002c1d   Thumb Code   144  sht20.o(.text)
    JDQ_Switch                               0x08002cf1   Thumb Code    60  fengshan.o(.text)
    JDQ_Init                                 0x08002d2d   Thumb Code    44  fengshan.o(.text)
    mDelay1                                  0x08002d61   Thumb Code    26  led.o(.text)
    LED_Init                                 0x08002d7b   Thumb Code    40  led.o(.text)
    LED_Switch                               0x08002da3   Thumb Code   170  led.o(.text)
    LED_GetValue                             0x08002e4d   Thumb Code   104  led.o(.text)
    Duoji_Init                               0x08002ec9   Thumb Code   152  duoji.o(.text)
    Body_Init                                0x08002f69   Thumb Code    38  rthongwai.o(.text)
    USART1_Config                            0x08002f95   Thumb Code   152  usart1.o(.text)
    usart1_write                             0x0800302d   Thumb Code    50  usart1.o(.text)
    fputc                                    0x0800305f   Thumb Code    32  usart1.o(.text)
    USART2_Config                            0x08003089   Thumb Code   158  usart2.o(.text)
    USART2_Clear                             0x08003127   Thumb Code    20  usart2.o(.text)
    USART2_Write                             0x0800313b   Thumb Code    58  usart2.o(.text)
    SendCmd                                  0x08003175   Thumb Code    78  usart2.o(.text)
    USART2_GetRcvNum                         0x080031c3   Thumb Code     6  usart2.o(.text)
    USART2_GetRcvData                        0x080031c9   Thumb Code    24  usart2.o(.text)
    HTTP_PostPkt                             0x0800320d   Thumb Code   166  http_demo.o(.text)
    HTTP_NewPostPacket                       0x080032b3   Thumb Code    90  http_demo.o(.text)
    hexdump                                  0x080033bd   Thumb Code    46  utils.o(.text)
    prvucMBBIN2CHAR                          0x080033eb   Thumb Code    34  utils.o(.text)
    usMBCRC16                                0x0800340d   Thumb Code    48  utils.o(.text)
    mDelay                                   0x0800343d   Thumb Code    26  utils.o(.text)
    uDelay                                   0x08003457   Thumb Code    18  utils.o(.text)
    ESP8266_Rst                              0x0800347d   Thumb Code    66  esp8266.o(.text)
    ESP8266_Init                             0x080034bf   Thumb Code   108  esp8266.o(.text)
    __aeabi_memcpy                           0x080035dd   Thumb Code    36  memcpya.o(.text)
    __aeabi_memcpy4                          0x080035dd   Thumb Code     0  memcpya.o(.text)
    __aeabi_memcpy8                          0x080035dd   Thumb Code     0  memcpya.o(.text)
    __aeabi_memset                           0x08003601   Thumb Code    14  memseta.o(.text)
    __aeabi_memset4                          0x08003601   Thumb Code     0  memseta.o(.text)
    __aeabi_memset8                          0x08003601   Thumb Code     0  memseta.o(.text)
    __aeabi_memclr                           0x0800360f   Thumb Code     4  memseta.o(.text)
    __aeabi_memclr4                          0x0800360f   Thumb Code     0  memseta.o(.text)
    __aeabi_memclr8                          0x0800360f   Thumb Code     0  memseta.o(.text)
    _memset$wrapper                          0x08003613   Thumb Code    18  memseta.o(.text)
    strcat                                   0x08003625   Thumb Code    24  strcat.o(.text)
    strstr                                   0x0800363d   Thumb Code    36  strstr.o(.text)
    strlen                                   0x08003661   Thumb Code    14  strlen.o(.text)
    __aeabi_dadd                             0x0800366f   Thumb Code   322  dadd.o(.text)
    __aeabi_dsub                             0x080037b1   Thumb Code     6  dadd.o(.text)
    __aeabi_drsub                            0x080037b7   Thumb Code     6  dadd.o(.text)
    __aeabi_dmul                             0x080037bd   Thumb Code   228  dmul.o(.text)
    __aeabi_i2f                              0x080038a1   Thumb Code    18  fflti.o(.text)
    __aeabi_ui2f                             0x080038b3   Thumb Code    10  ffltui.o(.text)
    __aeabi_f2uiz                            0x080038bd   Thumb Code    40  ffixui.o(.text)
    __aeabi_f2d                              0x080038e5   Thumb Code    38  f2d.o(.text)
    __aeabi_d2f                              0x0800390b   Thumb Code    56  d2f.o(.text)
    __aeabi_uidiv                            0x08003943   Thumb Code     0  uidiv.o(.text)
    __aeabi_uidivmod                         0x08003943   Thumb Code    44  uidiv.o(.text)
    __aeabi_uldivmod                         0x0800396f   Thumb Code    98  uldiv.o(.text)
    __aeabi_llsl                             0x080039d1   Thumb Code    30  llshl.o(.text)
    _ll_shift_l                              0x080039d1   Thumb Code     0  llshl.o(.text)
    __aeabi_lasr                             0x080039ef   Thumb Code    36  llsshr.o(.text)
    _ll_sshift_r                             0x080039ef   Thumb Code     0  llsshr.o(.text)
    __I$use$fp                               0x08003a13   Thumb Code     0  iusefp.o(.text)
    _float_round                             0x08003a13   Thumb Code    18  fepilogue.o(.text)
    _float_epilogue                          0x08003a25   Thumb Code    92  fepilogue.o(.text)
    _double_round                            0x08003a81   Thumb Code    30  depilogue.o(.text)
    _double_epilogue                         0x08003a9f   Thumb Code   156  depilogue.o(.text)
    __aeabi_ddiv                             0x08003b3b   Thumb Code   222  ddiv.o(.text)
    __aeabi_d2ulz                            0x08003c19   Thumb Code    48  dfixul.o(.text)
    __aeabi_cdrcmple                         0x08003c49   Thumb Code    48  cdrcmple.o(.text)
    __scatterload                            0x08003c79   Thumb Code    28  init.o(.text)
    __scatterload_rt2                        0x08003c79   Thumb Code     0  init.o(.text)
    __aeabi_llsr                             0x08003c9d   Thumb Code    32  llushr.o(.text)
    _ll_ushift_r                             0x08003c9d   Thumb Code     0  llushr.o(.text)
    __0printf                                0x08003cbd   Thumb Code    22  printfa.o(i.__0printf)
    __1printf                                0x08003cbd   Thumb Code     0  printfa.o(i.__0printf)
    __2printf                                0x08003cbd   Thumb Code     0  printfa.o(i.__0printf)
    __c89printf                              0x08003cbd   Thumb Code     0  printfa.o(i.__0printf)
    printf                                   0x08003cbd   Thumb Code     0  printfa.o(i.__0printf)
    __0sprintf                               0x08003cdd   Thumb Code    34  printfa.o(i.__0sprintf)
    __1sprintf                               0x08003cdd   Thumb Code     0  printfa.o(i.__0sprintf)
    __2sprintf                               0x08003cdd   Thumb Code     0  printfa.o(i.__0sprintf)
    __c89sprintf                             0x08003cdd   Thumb Code     0  printfa.o(i.__0sprintf)
    sprintf                                  0x08003cdd   Thumb Code     0  printfa.o(i.__0sprintf)
    __scatterload_copy                       0x08003d05   Thumb Code    14  handlers.o(i.__scatterload_copy)
    __scatterload_null                       0x08003d13   Thumb Code     2  handlers.o(i.__scatterload_null)
    __scatterload_zeroinit                   0x08003d15   Thumb Code    14  handlers.o(i.__scatterload_zeroinit)
    POLYNOMIAL                               0x0800461c   Data           2  sht20.o(.constdata)
    Region$$Table$$Base                      0x080048bc   Number         0  anon$$obj.o(Region$$Table)
    Region$$Table$$Limit                     0x080048dc   Number         0  anon$$obj.o(Region$$Table)
    SystemCoreClock                          0x20000000   Data           4  system_stm32f10x.o(.data)
    AHBPrescTable                            0x20000004   Data          16  system_stm32f10x.o(.data)
    fengStatus                               0x20000028   Data           1  fengshan.o(.data)
    red_value                                0x20000029   Data           1  led.o(.data)
    yellow_value                             0x2000002a   Data           1  led.o(.data)
    blue_value                               0x2000002b   Data           1  led.o(.data)
    green_value                              0x2000002c   Data           1  led.o(.data)
    gprs_ready_flag                          0x20000030   Data           1  usart2.o(.data)
    gprs_ready_count                         0x20000031   Data           1  usart2.o(.data)
    usart2_rcv_len                           0x20000034   Data           4  usart2.o(.data)
    __stdout                                 0x20000038   Data           4  stdout.o(.data)
    usart2_rcv_buf                           0x2000003c   Data        1024  usart2.o(.bss)
    __initial_sp                             0x20000840   Data           0  startup_stm32f10x_md.o(STACK)



==============================================================================

Memory Map of the image

  Image Entry point : 0x080000ed

  Load Region LR_IROM1 (Base: 0x08000000, Size: 0x00004918, Max: 0x00010000, ABSOLUTE)

    Execution Region ER_IROM1 (Base: 0x08000000, Size: 0x000048dc, Max: 0x00010000, ABSOLUTE)

    Base Addr    Size         Type   Attr      Idx    E Section Name        Object

    0x08000000   0x000000ec   Data   RO          116    RESET               startup_stm32f10x_md.o
    0x080000ec   0x00000000   Code   RO          514  * .ARM.Collect$$$$00000000  mc_w.l(entry.o)
    0x080000ec   0x00000004   Code   RO          804    .ARM.Collect$$$$00000001  mc_w.l(entry2.o)
    0x080000f0   0x00000004   Code   RO          807    .ARM.Collect$$$$00000004  mc_w.l(entry5.o)
    0x080000f4   0x00000000   Code   RO          809    .ARM.Collect$$$$00000008  mc_w.l(entry7b.o)
    0x080000f4   0x00000000   Code   RO          811    .ARM.Collect$$$$0000000A  mc_w.l(entry8b.o)
    0x080000f4   0x00000008   Code   RO          812    .ARM.Collect$$$$0000000B  mc_w.l(entry9a.o)
    0x080000fc   0x00000000   Code   RO          814    .ARM.Collect$$$$0000000D  mc_w.l(entry10a.o)
    0x080000fc   0x00000000   Code   RO          816    .ARM.Collect$$$$0000000F  mc_w.l(entry11a.o)
    0x080000fc   0x00000004   Code   RO          805    .ARM.Collect$$$$00002712  mc_w.l(entry2.o)
    0x08000100   0x000001e8   Code   RO           17    .text               system_stm32f10x.o
    0x080002e8   0x00000024   Code   RO          117    .text               startup_stm32f10x_md.o
    0x0800030c   0x0000017c   Code   RO          121    .text               main.o
    0x08000488   0x00000074   Code   RO          183    .text               stm32f10x_it.o
    0x080004fc   0x000000dc   Code   RO          199    .text               misc.o
    0x080005d8   0x0000035c   Code   RO          235    .text               stm32f10x_gpio.o
    0x08000934   0x00000404   Code   RO          247    .text               stm32f10x_i2c.o
    0x08000d38   0x000003ac   Code   RO          259    .text               stm32f10x_rcc.o
    0x080010e4   0x00000408   Code   RO          273    .text               stm32f10x_usart.o
    0x080014ec   0x00000e1a   Code   RO          285    .text               stm32f10x_tim.o
    0x08002306   0x00000002   PAD
    0x08002308   0x00000320   Code   RO          297    .text               hal_i2c.o
    0x08002628   0x000006c8   Code   RO          321    .text               sht20.o
    0x08002cf0   0x00000070   Code   RO          336    .text               fengshan.o
    0x08002d60   0x00000168   Code   RO          354    .text               led.o
    0x08002ec8   0x000000a0   Code   RO          372    .text               duoji.o
    0x08002f68   0x0000002c   Code   RO          408    .text               rthongwai.o
    0x08002f94   0x000000f4   Code   RO          430    .text               usart1.o
    0x08003088   0x00000184   Code   RO          449    .text               usart2.o
    0x0800320c   0x000001b0   Code   RO          469    .text               http_demo.o
    0x080033bc   0x000000c0   Code   RO          488    .text               utils.o
    0x0800347c   0x00000160   Code   RO          502    .text               esp8266.o
    0x080035dc   0x00000024   Code   RO          517    .text               mc_w.l(memcpya.o)
    0x08003600   0x00000024   Code   RO          519    .text               mc_w.l(memseta.o)
    0x08003624   0x00000018   Code   RO          521    .text               mc_w.l(strcat.o)
    0x0800363c   0x00000024   Code   RO          523    .text               mc_w.l(strstr.o)
    0x08003660   0x0000000e   Code   RO          525    .text               mc_w.l(strlen.o)
    0x0800366e   0x0000014e   Code   RO          790    .text               mf_w.l(dadd.o)
    0x080037bc   0x000000e4   Code   RO          792    .text               mf_w.l(dmul.o)
    0x080038a0   0x00000012   Code   RO          794    .text               mf_w.l(fflti.o)
    0x080038b2   0x0000000a   Code   RO          796    .text               mf_w.l(ffltui.o)
    0x080038bc   0x00000028   Code   RO          798    .text               mf_w.l(ffixui.o)
    0x080038e4   0x00000026   Code   RO          800    .text               mf_w.l(f2d.o)
    0x0800390a   0x00000038   Code   RO          802    .text               mf_w.l(d2f.o)
    0x08003942   0x0000002c   Code   RO          819    .text               mc_w.l(uidiv.o)
    0x0800396e   0x00000062   Code   RO          821    .text               mc_w.l(uldiv.o)
    0x080039d0   0x0000001e   Code   RO          823    .text               mc_w.l(llshl.o)
    0x080039ee   0x00000024   Code   RO          825    .text               mc_w.l(llsshr.o)
    0x08003a12   0x00000000   Code   RO          827    .text               mc_w.l(iusefp.o)
    0x08003a12   0x0000006e   Code   RO          828    .text               mf_w.l(fepilogue.o)
    0x08003a80   0x000000ba   Code   RO          830    .text               mf_w.l(depilogue.o)
    0x08003b3a   0x000000de   Code   RO          832    .text               mf_w.l(ddiv.o)
    0x08003c18   0x00000030   Code   RO          834    .text               mf_w.l(dfixul.o)
    0x08003c48   0x00000030   Code   RO          836    .text               mf_w.l(cdrcmple.o)
    0x08003c78   0x00000024   Code   RO          838    .text               mc_w.l(init.o)
    0x08003c9c   0x00000020   Code   RO          840    .text               mc_w.l(llushr.o)
    0x08003cbc   0x00000020   Code   RO          762    i.__0printf         mc_w.l(printfa.o)
    0x08003cdc   0x00000028   Code   RO          764    i.__0sprintf        mc_w.l(printfa.o)
    0x08003d04   0x0000000e   Code   RO          844    i.__scatterload_copy  mc_w.l(handlers.o)
    0x08003d12   0x00000002   Code   RO          845    i.__scatterload_null  mc_w.l(handlers.o)
    0x08003d14   0x0000000e   Code   RO          846    i.__scatterload_zeroinit  mc_w.l(handlers.o)
    0x08003d22   0x00000002   PAD
    0x08003d24   0x00000184   Code   RO          769    i._fp_digits        mc_w.l(printfa.o)
    0x08003ea8   0x000006dc   Code   RO          770    i._printf_core      mc_w.l(printfa.o)
    0x08004584   0x00000024   Code   RO          771    i._printf_post_padding  mc_w.l(printfa.o)
    0x080045a8   0x0000002e   Code   RO          772    i._printf_pre_padding  mc_w.l(printfa.o)
    0x080045d6   0x0000000a   Code   RO          774    i._sputc            mc_w.l(printfa.o)
    0x080045e0   0x0000003b   Data   RO          298    .constdata          hal_i2c.o
    0x0800461b   0x00000001   PAD
    0x0800461c   0x00000033   Data   RO          322    .constdata          sht20.o
    0x0800464f   0x00000008   Data   RO          451    .constdata          usart2.o
    0x08004657   0x00000200   Data   RO          489    .constdata          utils.o
    0x08004857   0x00000001   PAD
    0x08004858   0x00000062   Data   RO          299    .conststring        hal_i2c.o
    0x080048ba   0x00000002   PAD
    0x080048bc   0x00000020   Data   RO          842    Region$$Table       anon$$obj.o


    Execution Region RW_IRAM1 (Base: 0x20000000, Size: 0x00000840, Max: 0x00005000, ABSOLUTE)

    Base Addr    Size         Type   Attr      Idx    E Section Name        Object

    0x20000000   0x00000014   Data   RW           18    .data               system_stm32f10x.o
    0x20000014   0x00000014   Data   RW          260    .data               stm32f10x_rcc.o
    0x20000028   0x00000001   Data   RW          337    .data               fengshan.o
    0x20000029   0x00000004   Data   RW          355    .data               led.o
    0x2000002d   0x00000003   PAD
    0x20000030   0x00000008   Data   RW          452    .data               usart2.o
    0x20000038   0x00000004   Data   RW          818    .data               mc_w.l(stdout.o)
    0x2000003c   0x00000400   Zero   RW          450    .bss                usart2.o
    0x2000043c   0x00000004   PAD
    0x20000440   0x00000400   Zero   RW          114    STACK               startup_stm32f10x_md.o


==============================================================================

Image component sizes


      Code (inc. data)   RO Data    RW Data    ZI Data      Debug   Object Name

         0          0          0          0          0       4540   core_cm3.o
       160          8          0          0          0        725   duoji.o
       352        178          0          0          0        679   esp8266.o
       112          8          0          1          0       1727   fengshan.o
       800         46        157          0          0       3179   hal_i2c.o
       432        176          0          0          0       1334   http_demo.o
       360         20          0          4          0       1839   led.o
       380         96          0          0          0       2067   main.o
       220         22          0          0          0       1913   misc.o
        44          6          0          0          0        488   rthongwai.o
      1736        212         51          0          0       4092   sht20.o
        36          8        236          0       1024        840   startup_stm32f10x_md.o
       860         38          0          0          0       5849   stm32f10x_gpio.o
      1028         16          0          0          0       9339   stm32f10x_i2c.o
       116         14          0          0          0       1770   stm32f10x_it.o
       940         44          0         20          0       9056   stm32f10x_rcc.o
      3610         88          0          0          0      22960   stm32f10x_tim.o
      1032         22          0          0          0       8572   stm32f10x_usart.o
       488         46          0         20          0     257083   system_stm32f10x.o
       244         10          0          0          0       1747   usart1.o
       388         44          8          8       1024       2862   usart2.o
       192         20        512          0          0       2170   utils.o

    ----------------------------------------------------------------------
     13532       1122       1000         56       2052     344831   Object Totals
         0          0         32          0          0          0   (incl. Generated)
         2          0          4          3          4          0   (incl. Padding)

    ----------------------------------------------------------------------

      Code (inc. data)   RO Data    RW Data    ZI Data      Debug   Library Member Name

         0          0          0          0          0          0   entry.o
         0          0          0          0          0          0   entry10a.o
         0          0          0          0          0          0   entry11a.o
         8          4          0          0          0          0   entry2.o
         4          0          0          0          0          0   entry5.o
         0          0          0          0          0          0   entry7b.o
         0          0          0          0          0          0   entry8b.o
         8          4          0          0          0          0   entry9a.o
        30          0          0          0          0          0   handlers.o
        36          8          0          0          0         68   init.o
         0          0          0          0          0          0   iusefp.o
        30          0          0          0          0         68   llshl.o
        36          0          0          0          0         68   llsshr.o
        32          0          0          0          0         68   llushr.o
        36          0          0          0          0         68   memcpya.o
        36          0          0          0          0        108   memseta.o
      2308         96          0          0          0        604   printfa.o
         0          0          0          4          0          0   stdout.o
        24          0          0          0          0         68   strcat.o
        14          0          0          0          0         68   strlen.o
        36          0          0          0          0         80   strstr.o
        44          0          0          0          0         80   uidiv.o
        98          0          0          0          0         92   uldiv.o
        48          0          0          0          0         68   cdrcmple.o
        56          0          0          0          0         88   d2f.o
       334          0          0          0          0        148   dadd.o
       222          0          0          0          0        100   ddiv.o
       186          0          0          0          0        176   depilogue.o
        48          0          0          0          0         68   dfixul.o
       228          0          0          0          0         96   dmul.o
        38          0          0          0          0         68   f2d.o
       110          0          0          0          0        168   fepilogue.o
        40          0          0          0          0         68   ffixui.o
        18          0          0          0          0         68   fflti.o
        10          0          0          0          0         68   ffltui.o

    ----------------------------------------------------------------------
      4120        112          0          4          0       2624   Library Totals
         2          0          0          0          0          0   (incl. Padding)

    ----------------------------------------------------------------------

      Code (inc. data)   RO Data    RW Data    ZI Data      Debug   Library Name

      2780        112          0          4          0       1440   mc_w.l
      1338          0          0          0          0       1184   mf_w.l

    ----------------------------------------------------------------------
      4120        112          0          4          0       2624   Library Totals

    ----------------------------------------------------------------------

==============================================================================


      Code (inc. data)   RO Data    RW Data    ZI Data      Debug   

     17652       1234       1000         60       2052     344487   Grand Totals
     17652       1234       1000         60       2052     344487   ELF Image Totals
     17652       1234       1000         60          0          0   ROM Totals

==============================================================================

    Total RO  Size (Code + RO Data)                18652 (  18.21kB)
    Total RW  Size (RW Data + ZI Data)              2112 (   2.06kB)
    Total ROM Size (Code + RO Data + RW Data)      18712 (  18.27kB)

==============================================================================

